Microchip MPLAB XC8 Compiler V1.44 ()

Linker command line:

-W-3 --edf=C:\Program Files (x86)\Microchip\xc8\v1.44\dat\en_msgs.txt -cs \
  -h+dist/XC8_18F87K22/production\SimpleWalking.X.production.sym \
  --cmf=dist/XC8_18F87K22/production\SimpleWalking.X.production.cmf -z \
  -Q18F2480 -oC:\Users\Kjetil\AppData\Local\Temp\snrg.2 \
  -Mdist/XC8_18F87K22/production/SimpleWalking.X.production.map -E1 \
  -ver=XC8 -ASTACK=0200h-02ffh -pstack=STACK -ACODE=00h-03FFFh \
  -ACONST=00h-03FFFh -ASMALLCONST=0300h-03FFhx61 -AMEDIUMCONST=0300h-03FFFh \
  -ACOMRAM=01h-05Fh -AABS1=00h-02FFh -ABIGRAM=01h-02FFh \
  -ARAM=060h-0FFh,0100h-01FFhx2 -ABANK0=060h-0FFh -ABANK1=0100h-01FFh \
  -ABANK2=0200h-02FFh -ASFR=0D00h-0DFFhx2,0F00h-0F5Fh,0F60h-0FFFh \
  -preset_vec=00h,intcode=08h,intcodelo=018h,powerup,init -pramtop=0300h \
  -psmallconst=SMALLCONST -pmediumconst=MEDIUMCONST -pconst=CONST \
  -AFARRAM=00h-00h -ACONFIG=0300000h-030000Dh -pconfig=CONFIG \
  -AIDLOC=0200000h-0200007h -pidloc=IDLOC -AEEDATA=0F00000h-0F000FFh \
  -peeprom_data=EEDATA \
  -prdata=COMRAM,nvrram=COMRAM,nvbit=COMRAM,rbss=COMRAM,rbit=COMRAM \
  -pfarbss=FARRAM,fardata=FARRAM,nvFARRAM=FARRAM \
  -pintsave_regs=BIGRAM,bigbss=BIGRAM,bigdata=BIGRAM -pbss=RAM \
  -pidata=CODE,irdata=CODE,ibigdata=CODE,ifardata=CODE -prparam=COMRAM \
  C:\Users\Kjetil\AppData\Local\Temp\snrg.obj \
  dist/XC8_18F87K22/production\SimpleWalking.X.production.obj 

Object code version is 3.11

Machine type is 18F2480

Call graph: (short form)




                Name                               Link     Load   Length Selector   Space Scale
C:\Users\Kjetil\AppData\Local\Temp\snrg.obj
                init                                 C6       C6        4        C       0
                reset_vec                             0        0        4        0       0
                idloc                            200000   200000        8   200000       0
                config                           300000   300000        E   300000       0
dist/XC8_18F87K22/production\SimpleWalking.X.production.obj
                intcodelo                            18       18       AE        C       0
                intcode                               8        8        6        4       0
                temp                                 38       38        1        1       1
                smallconst                          300      300       CE      180       0
                intcode_body                        A60      A60       96      1E7       0
                text15                              D6A      D6A       1A      1E7       0
                text14                              CD8      CD8       2C      1E7       0
                text13                              D4C      D4C       1E      1E7       0
                text12                              D04      D04       26      1E7       0
                text11                              BA4      BA4       52      1E7       0
                text10                              BF6      BF6       42      1E7       0
                text9                               914      914      14C      1E7       0
                text8                               AF6      AF6       58      1E7       0
                text7                               69A      69A      27A      1E7       0
                text6                               D90      D90        2      1E7       0
                text5                               D84      D84        C      1E7       0
                text4                               C38      C38       3A      1E7       0
                text3                               B4E      B4E       56      1E7       0
                text2                               3CE      3CE      2CC      1E7       0
                text1                               CAA      CAA       2E      1E7       0
                text0                               C72      C72       38      1E7       0
                cstackCOMRAM                          1        1       37        1       1
                cstackBANK0                          60       60       14       60       1
                bssBANK1                            100      100      100      100       1
                cinit                               D2A      D2A       22      1E7       0

TOTAL           Name                               Link     Load   Length     Space
        CLASS   STACK          

        CLASS   CODE           
                intcodelo                            18       18       AE         0
                intcode                               8        8        6         0
                init                                 C6       C6        4         0
                reset_vec                             0        0        4         0
                intcode_body                        A60      A60       96         0
                text15                              D6A      D6A       1A         0
                text14                              CD8      CD8       2C         0
                text13                              D4C      D4C       1E         0
                text12                              D04      D04       26         0
                text11                              BA4      BA4       52         0
                text10                              BF6      BF6       42         0
                text9                               914      914      14C         0
                text8                               AF6      AF6       58         0
                text7                               69A      69A      27A         0
                text6                               D90      D90        2         0
                text5                               D84      D84        C         0
                text4                               C38      C38       3A         0
                text3                               B4E      B4E       56         0
                text2                               3CE      3CE      2CC         0
                text1                               CAA      CAA       2E         0
                text0                               C72      C72       38         0
                cinit                               D2A      D2A       22         0

        CLASS   CONST          

        CLASS   SMALLCONST     
                smallconst                          300      300       CE         0

        CLASS   MEDIUMCONST    

        CLASS   COMRAM         
                temp                                 38       38        1         1
                cstackCOMRAM                          1        1       37         1

        CLASS   ABS1           

        CLASS   BIGRAM         

        CLASS   RAM            

        CLASS   BANK0          
                cstackBANK0                          60       60       14         1

        CLASS   BANK1          
                bssBANK1                            100      100      100         1

        CLASS   BANK2          

        CLASS   SFR            

        CLASS   FARRAM         

        CLASS   CONFIG         
                config                           300000   300000        E         0

        CLASS   IDLOC          
                idloc                            200000   200000        8         0

        CLASS   EEDATA         



SEGMENTS        Name                           Load    Length   Top    Selector   Space  Class

                reset_vec                      000000  000004  000004         0       0  CODE    
                cstackCOMRAM                   000001  000038  000039         1       1  COMRAM  
                intcode                        000008  000006  00000E         4       0  CODE    
                intcodelo                      000018  0000B2  0000CA         C       0  CODE    
                cstackBANK0                    000060  000014  000074        60       1  BANK0   
                bssBANK1                       000100  000100  000200       100       1  BANK1   
                smallconst                     000300  0000CE  0003CE       180       0  SMALLCON
                text2                          0003CE  0009C4  000D92       1E7       0  CODE    
                idloc                          200000  000008  200008    200000       0  IDLOC   
                config                         300000  00000E  30000E    300000       0  CONFIG  


UNUSED ADDRESS RANGES

        Name                Unused          Largest block    Delta
        BANK0            000074-0000FF               8C
        BANK2            000200-0002FF              100
        BIGRAM           000039-00005F               27
                         000074-0000FF               8C
                         000200-0002FF              100
        CODE             000004-000007                4
                         00000E-000017                A
                         0000CA-0002FF              236
                         000D92-003FFF             326E
        COMRAM           000039-00005F               27
        CONST            000004-000007                4
                         00000E-000017                A
                         0000CA-0002FF              236
                         000D92-003FFF             326E
        EEDATA           F00000-F000FF              100
        MEDIUMCONST      000D92-003FFF             326E
        RAM              000074-0000FF               8C
                         000200-0002FF              100
        SFR              000D00-000FFF              100
        SMALLCONST       000D92-003FFF              100
        STACK            000200-0002FF              100

                                  Symbol Table

?___lwdiv                         cstackCOMRAM 000028
?___lwmod                         cstackCOMRAM 00002F
?___wmul                          cstackCOMRAM 000028
?_sprintf                         cstackBANK0  000060
?_strlen                          cstackCOMRAM 000028
FillServoPositionString@i         cstackBANK0  000072
FillServoPositionString@tmp       cstackBANK0  00006D
InitServos@i                      cstackBANK0  000072
InitServos@tmp                    cstackBANK0  00006D
UART_Write@data                   cstackCOMRAM 000028
UART_Write_String@a               cstackCOMRAM 000035
UART_Write_String@arrayLength     cstackCOMRAM 000031
UART_Write_String@i               cstackCOMRAM 000033
UART_Write_String@str             cstackCOMRAM 00002E
_BAUDCONbits                      (abs)        000FB8
_ConfigureOscillator              text15       000D6A
_EmptyMovementString              text13       000D4C
_FillServoPositionString          text7        00069A
_InitApp                          text6        000D90
_InitServos                       text2        0003CE
_OSCCONbits                       (abs)        000FD3
_OSCTUNEbits                      (abs)        000F9B
_RCSTAbits                        (abs)        000FAB
_SERVOSETS                        smallconst   00031B
_SPBRG                            (abs)        000FAF
_SPBRGH                           (abs)        000FB0
_TRISCbits                        (abs)        000F94
_TRMT                             (abs)        007D61
_TXREG                            (abs)        000FAD
_TXSTAbits                        (abs)        000FAC
_UART_Init                        text1        000CAA
_UART_Write                       text5        000D84
_UART_Write_String                text3        000B4E
__CFG_BBSIZ$1024                  (abs)        000000
__CFG_BOREN$BOHW                  (abs)        000000
__CFG_BORV$3                      (abs)        000000
__CFG_CP0$OFF                     (abs)        000000
__CFG_CP1$OFF                     (abs)        000000
__CFG_CPB$OFF                     (abs)        000000
__CFG_CPD$OFF                     (abs)        000000
__CFG_EBTR0$OFF                   (abs)        000000
__CFG_EBTR1$OFF                   (abs)        000000
__CFG_EBTRB$OFF                   (abs)        000000
__CFG_FCMEN$OFF                   (abs)        000000
__CFG_IESO$ON                     (abs)        000000
__CFG_LPT1OSC$OFF                 (abs)        000000
__CFG_LVP$OFF                     (abs)        000000
__CFG_MCLRE$ON                    (abs)        000000
__CFG_OSC$IRCIO7                  (abs)        000000
__CFG_PBADEN$ON                   (abs)        000000
__CFG_PWRT$OFF                    (abs)        000000
__CFG_STVREN$ON                   (abs)        000000
__CFG_WDT$OFF                     (abs)        000000
__CFG_WDTPS$32768                 (abs)        000000
__CFG_WRT0$OFF                    (abs)        000000
__CFG_WRT1$OFF                    (abs)        000000
__CFG_WRTB$OFF                    (abs)        000000
__CFG_WRTC$OFF                    (abs)        000000
__CFG_WRTD$OFF                    (abs)        000000
__CFG_XINST$OFF                   (abs)        000000
__HRAM                            (abs)        000000
__Habs1                           abs1         000000
__Hbank0                          bank0        000000
__Hbank1                          bank1        000000
__Hbank2                          bank2        000000
__Hbigbss                         bigbss       000000
__Hbigdata                        bigdata      000000
__Hbigram                         bigram       000000
__Hbss                            bss          000000
__HbssBANK1                       bssBANK1     000000
__Hcinit                          cinit        000000
__Hclrtext                        clrtext      000000
__Hcomram                         comram       000000
__Hconfig                         config       30000E
__Hconst                          const        000000
__HcstackBANK0                    cstackBANK0  000000
__HcstackCOMRAM                   cstackCOMRAM 000000
__Hdata                           data         000000
__Heeprom_data                    eeprom_data  000000
__Hfarbss                         farbss       000000
__Hfardata                        fardata      000000
__Hibigdata                       ibigdata     000000
__Hidata                          idata        000000
__Hidloc                          idloc        200008
__Hifardata                       ifardata     000000
__Hinit                           init         0000CA
__Hintcode                        intcode      00000E
__Hintcode_body                   intcode_body 000000
__Hintcodelo                      intcodelo    0000C6
__Hintentry                       intentry     000000
__Hintret                         intret       000000
__Hintsave_regs                   intsave_regs 000000
__Hirdata                         irdata       000000
__Hmediumconst                    mediumconst  000000
__HnvFARRAM                       nvFARRAM     000000
__Hnvbit                          nvbit        000000
__Hnvrram                         nvrram       000000
__Hparam                          rparam       000000
__Hpowerup                        powerup      0000C6
__Hram                            ram          000000
__Hramtop                         ramtop       000300
__Hrbit                           rbit         000000
__Hrbss                           rbss         000000
__Hrdata                          rdata        000000
__Hreset_vec                      reset_vec    000004
__Hrparam                         rparam       000000
__Hsfr                            sfr          000000
__Hsmallconst                     smallconst   0003CE
__Hspace_0                        (abs)        30000E
__Hspace_1                        (abs)        000200
__Hspace_2                        (abs)        000000
__Hstack                          stack        000000
__Hstruct                         struct       000000
__Htemp                           temp         000039
__Htext                           text         000000
__Htext0                          text0        000000
__Htext1                          text1        000000
__Htext10                         text10       000000
__Htext11                         text11       000000
__Htext12                         text12       000000
__Htext13                         text13       000000
__Htext14                         text14       000000
__Htext15                         text15       000000
__Htext2                          text2        000000
__Htext3                          text3        000000
__Htext4                          text4        000000
__Htext5                          text5        000000
__Htext6                          text6        000000
__Htext7                          text7        000000
__Htext8                          text8        000000
__Htext9                          text9        000000
__LRAM                            (abs)        000001
__Labs1                           abs1         000000
__Lbank0                          bank0        000000
__Lbank1                          bank1        000000
__Lbank2                          bank2        000000
__Lbigbss                         bigbss       000000
__Lbigdata                        bigdata      000000
__Lbigram                         bigram       000000
__Lbss                            bss          000000
__LbssBANK1                       bssBANK1     000000
__Lcinit                          cinit        000000
__Lclrtext                        clrtext      000000
__Lcomram                         comram       000000
__Lconfig                         config       300000
__Lconst                          const        000000
__LcstackBANK0                    cstackBANK0  000000
__LcstackCOMRAM                   cstackCOMRAM 000000
__Ldata                           data         000000
__Leeprom_data                    eeprom_data  000000
__Lfarbss                         farbss       000000
__Lfardata                        fardata      000000
__Libigdata                       ibigdata     000000
__Lidata                          idata        000000
__Lidloc                          idloc        200000
__Lifardata                       ifardata     000000
__Linit                           init         0000C6
__Lintcode                        intcode      000008
__Lintcode_body                   intcode_body 000000
__Lintcodelo                      intcodelo    000018
__Lintentry                       intentry     000000
__Lintret                         intret       000000
__Lintsave_regs                   intsave_regs 000000
__Lirdata                         irdata       000000
__Lmediumconst                    mediumconst  000000
__LnvFARRAM                       nvFARRAM     000000
__Lnvbit                          nvbit        000000
__Lnvrram                         nvrram       000000
__Lparam                          rparam       000000
__Lpowerup                        powerup      0000C6
__Lram                            ram          000000
__Lramtop                         ramtop       000300
__Lrbit                           rbit         000000
__Lrbss                           rbss         000000
__Lrdata                          rdata        000000
__Lreset_vec                      reset_vec    000000
__Lrparam                         rparam       000000
__Lsfr                            sfr          000000
__Lsmallconst                     smallconst   000300
__Lspace_0                        (abs)        000000
__Lspace_1                        (abs)        000000
__Lspace_2                        (abs)        000000
__Lstack                          stack        000000
__Lstruct                         struct       000000
__Ltemp                           temp         000038
__Ltext                           text         000000
__Ltext0                          text0        000000
__Ltext1                          text1        000000
__Ltext10                         text10       000000
__Ltext11                         text11       000000
__Ltext12                         text12       000000
__Ltext13                         text13       000000
__Ltext14                         text14       000000
__Ltext15                         text15       000000
__Ltext2                          text2        000000
__Ltext3                          text3        000000
__Ltext4                          text4        000000
__Ltext5                          text5        000000
__Ltext6                          text6        000000
__Ltext7                          text7        000000
__Ltext8                          text8        000000
__Ltext9                          text9        000000
__S0                              (abs)        30000E
__S1                              (abs)        000200
__S2                              (abs)        000000
___inthi_sp                       stack        000000
___intlo_sp                       stack        000000
___lwdiv                          text11       000BA4
___lwdiv@counter                  cstackCOMRAM 00002E
___lwdiv@dividend                 cstackCOMRAM 000028
___lwdiv@divisor                  cstackCOMRAM 00002A
___lwdiv@quotient                 cstackCOMRAM 00002C
___lwmod                          text10       000BF6
___lwmod@counter                  cstackCOMRAM 000033
___lwmod@dividend                 cstackCOMRAM 00002F
___lwmod@divisor                  cstackCOMRAM 000031
___param_bank                     (abs)        000000
___rparam_used                    (abs)        000001
___sp                             stack        000000
___wmul                           text12       000D04
___wmul@multiplicand              cstackCOMRAM 00002A
___wmul@multiplier                cstackCOMRAM 000028
___wmul@product                   cstackCOMRAM 00002C
__accesstop                       (abs)        000060
__activetblptr                    (abs)        000002
__end_of_ConfigureOscillator      text15       000D84
__end_of_EmptyMovementString      text13       000D6A
__end_of_FillServoPositionString  text7        000914
__end_of_InitApp                  text6        000D92
__end_of_InitServos               text2        00069A
__end_of_SERVOSETS                smallconst   00031D
__end_of_UART_Init                text1        000CD8
__end_of_UART_Write               text5        000D90
__end_of_UART_Write_String        text3        000BA4
__end_of___lwdiv                  text11       000BF6
__end_of___lwmod                  text10       000C38
__end_of___wmul                   text12       000D2A
__end_of__initialization          cinit        000D3E
__end_of_dpowers                  smallconst   00031B
__end_of_high_isr                 intcode_body 000AF6
__end_of_low_isr                  intcodelo    0000C6
__end_of_main                     text0        000CAA
__end_of_memset                   text14       000D04
__end_of_positions                smallconst   000311
__end_of_servosets                smallconst   0003BF
__end_of_sprintf                  text9        000A60
__end_of_strcat                   text8        000B4E
__end_of_strlen                   text4        000C72
__initialization                  cinit        000D2A
__mediumconst                     mediumconst  000000
__pbssBANK1                       bssBANK1     000100
__pcinit                          cinit        000D2A
__pcstackBANK0                    cstackBANK0  000060
__pcstackCOMRAM                   cstackCOMRAM 000001
__pintcode                        intcode      000008
__pintcode_body                   intcode_body 000A60
__pintcodelo                      intcodelo    000018
__psmallconst                     smallconst   000300
__ptext0                          text0        000C72
__ptext1                          text1        000CAA
__ptext10                         text10       000BF6
__ptext11                         text11       000BA4
__ptext12                         text12       000D04
__ptext13                         text13       000D4C
__ptext14                         text14       000CD8
__ptext15                         text15       000D6A
__ptext2                          text2        0003CE
__ptext3                          text3        000B4E
__ptext4                          text4        000C38
__ptext5                          text5        000D84
__ptext6                          text6        000D90
__ptext7                          text7        00069A
__ptext8                          text8        000AF6
__ptext9                          text9        000914
__ramtop                          ramtop       000300
__size_of_ConfigureOscillator     (abs)        000000
__size_of_EmptyMovementString     (abs)        000000
__size_of_FillServoPositionString (abs)        000000
__size_of_InitApp                 (abs)        000000
__size_of_InitServos              (abs)        000000
__size_of_UART_Init               (abs)        000000
__size_of_UART_Write              (abs)        000000
__size_of_UART_Write_String       (abs)        000000
__size_of___lwdiv                 (abs)        000000
__size_of___lwmod                 (abs)        000000
__size_of___wmul                  (abs)        000000
__size_of_high_isr                (abs)        000000
__size_of_low_isr                 (abs)        000000
__size_of_main                    (abs)        000000
__size_of_memset                  (abs)        000000
__size_of_sprintf                 (abs)        000000
__size_of_strcat                  (abs)        000000
__size_of_strlen                  (abs)        000000
__smallconst                      smallconst   000300
_dpowers                          smallconst   000311
_high_isr                         intcode      000008
_low_isr                          intcodelo    000018
_main                             text0        000C72
_memset                           text14       000CD8
_movementString                   bssBANK1     000100
_positions                        smallconst   000301
_servosets                        smallconst   00031D
_sprintf                          text9        000914
_strcat                           text8        000AF6
_strlen                           text4        000C38
btemp                             temp         000038
end_of_initialization             cinit        000D3E
int$flags                         temp         000038
int_func                          intcode_body 000A60
intlevel0                         text         000000
intlevel1                         text         000000
intlevel2                         text         000000
intlevel3                         text         000000
memset@c                          cstackCOMRAM 00002A
memset@n                          cstackCOMRAM 00002C
memset@p                          cstackCOMRAM 00002E
memset@p1                         cstackCOMRAM 000028
sprintf@ap                        cstackBANK0  000066
sprintf@c                         cstackBANK0  00006C
sprintf@f                         cstackBANK0  000062
sprintf@flag                      cstackBANK0  000068
sprintf@prec                      cstackBANK0  000069
sprintf@sp                        cstackBANK0  000060
sprintf@val                       cstackBANK0  00006A
stackhi                           (abs)        0002FF
stacklo                           (abs)        000200
start                             init         0000C6
start_initialization              cinit        000D2A
strcat@cp                         cstackCOMRAM 000032
strcat@from                       cstackCOMRAM 000030
strcat@to                         cstackCOMRAM 00002E
strlen@cp                         cstackCOMRAM 00002C
strlen@s                          cstackCOMRAM 000028
wtemp6                            temp         000039


FUNCTION INFORMATION:

 *************** function _main *****************
 Defined at:
		line 147 in file "main.c"
 Parameters:    Size  Location     Type
		None
 Auto vars:     Size  Location     Type
		None
 Return value:  Size  Location     Type
                  1    wreg      void 
 Registers used:
		wreg, fsr1l, fsr1h, fsr2l, fsr2h, status,2, status,0, tblptrl, tblptrh, tblptru, prodl, prodh, cstack
 Tracked objects:
		On entry : 
		On exit  : 
		Unchanged: 
 Data sizes:     COMRAM   BANK0   BANK1   BANK2
      Params:         0       0       0       0
      Locals:         0       0       0       0
      Temps:          2       0       0       0
      Totals:         2       0       0       0
Total ram usage:        2 bytes
 Hardware stack levels required when called:    5
 This function calls:
		_ConfigureOscillator
		_FillServoPositionString
		_InitApp
		_InitServos
		_UART_Init
		_UART_Write_String
 This function is called by:
		Startup code after reset
 This function uses a non-reentrant model


 *************** function _UART_Init *****************
 Defined at:
		line 186 in file "main.c"
 Parameters:    Size  Location     Type
		None
 Auto vars:     Size  Location     Type
		None
 Return value:  Size  Location     Type
                  1    wreg      unsigned char 
 Registers used:
		wreg, status,2
 Tracked objects:
		On entry : 
		On exit  : 
		Unchanged: 
 Data sizes:     COMRAM   BANK0   BANK1   BANK2
      Params:         0       0       0       0
      Locals:         0       0       0       0
      Temps:          2       0       0       0
      Totals:         2       0       0       0
Total ram usage:        2 bytes
 Hardware stack levels used:    1
 Hardware stack levels required when called:    2
 This function calls:
		Nothing
 This function is called by:
		_main
 This function uses a non-reentrant model


 *************** function _InitServos *****************
 Defined at:
		line 251 in file "main.c"
 Parameters:    Size  Location     Type
		None
 Auto vars:     Size  Location     Type
  tmp             5   13[BANK0 ] unsigned char [5]
  i               2   18[BANK0 ] unsigned int 
 Return value:  Size  Location     Type
                  1    wreg      void 
 Registers used:
		wreg, fsr1l, fsr1h, fsr2l, fsr2h, status,2, status,0, tblptrl, tblptrh, tblptru, prodl, prodh, cstack
 Tracked objects:
		On entry : 
		On exit  : 
		Unchanged: 
 Data sizes:     COMRAM   BANK0   BANK1   BANK2
      Params:         0       0       0       0
      Locals:         0       7       0       0
      Temps:          0       0       0       0
      Totals:         0       7       0       0
Total ram usage:        7 bytes
 Hardware stack levels used:    1
 Hardware stack levels required when called:    4
 This function calls:
		_EmptyMovementString
		_UART_Write_String
		___wmul
		_sprintf
		_strcat
 This function is called by:
		_main
 This function uses a non-reentrant model


 *************** function _UART_Write_String *****************
 Defined at:
		line 203 in file "main.c"
 Parameters:    Size  Location     Type
  str             2   45[COMRAM] PTR const unsigned char 
		 -> movementString(256), 
 Auto vars:     Size  Location     Type
  a               1   52[COMRAM] unsigned char 
  i               2   50[COMRAM] int 
  arrayLength     2   48[COMRAM] int 
 Return value:  Size  Location     Type
                  1    wreg      void 
 Registers used:
		wreg, fsr2l, fsr2h, status,2, status,0, cstack
 Tracked objects:
		On entry : 
		On exit  : 
		Unchanged: 
 Data sizes:     COMRAM   BANK0   BANK1   BANK2
      Params:         2       0       0       0
      Locals:         5       0       0       0
      Temps:          1       0       0       0
      Totals:         8       0       0       0
Total ram usage:        8 bytes
 Hardware stack levels used:    1
 Hardware stack levels required when called:    3
 This function calls:
		_UART_Write
		_strlen
 This function is called by:
		_main
		_InitServos
 This function uses a non-reentrant model


 *************** function _strlen *****************
 Defined at:
		line 4 in file "C:\Program Files (x86)\Microchip\xc8\v1.44\sources\common\strlen.c"
 Parameters:    Size  Location     Type
  s               2   39[COMRAM] PTR const unsigned char 
		 -> movementString(256), 
 Auto vars:     Size  Location     Type
  cp              2   43[COMRAM] PTR const unsigned char 
		 -> movementString(256), 
 Return value:  Size  Location     Type
                  2   39[COMRAM] unsigned int 
 Registers used:
		wreg, fsr2l, fsr2h, status,2, status,0
 Tracked objects:
		On entry : 
		On exit  : 
		Unchanged: 
 Data sizes:     COMRAM   BANK0   BANK1   BANK2
      Params:         2       0       0       0
      Locals:         2       0       0       0
      Temps:          2       0       0       0
      Totals:         6       0       0       0
Total ram usage:        6 bytes
 Hardware stack levels used:    1
 Hardware stack levels required when called:    2
 This function calls:
		Nothing
 This function is called by:
		_UART_Write_String
 This function uses a non-reentrant model


 *************** function _UART_Write *****************
 Defined at:
		line 214 in file "main.c"
 Parameters:    Size  Location     Type
  data            1    wreg     unsigned char 
 Auto vars:     Size  Location     Type
  data            1   39[COMRAM] unsigned char 
 Return value:  Size  Location     Type
                  1    wreg      void 
 Registers used:
		wreg
 Tracked objects:
		On entry : 
		On exit  : 
		Unchanged: 
 Data sizes:     COMRAM   BANK0   BANK1   BANK2
      Params:         0       0       0       0
      Locals:         1       0       0       0
      Temps:          0       0       0       0
      Totals:         1       0       0       0
Total ram usage:        1 bytes
 Hardware stack levels used:    1
 Hardware stack levels required when called:    2
 This function calls:
		Nothing
 This function is called by:
		_UART_Write_String
 This function uses a non-reentrant model


 *************** function _InitApp *****************
 Defined at:
		line 28 in file "user.c"
 Parameters:    Size  Location     Type
		None
 Auto vars:     Size  Location     Type
		None
 Return value:  Size  Location     Type
                  1    wreg      void 
 Registers used:
		None
 Tracked objects:
		On entry : 
		On exit  : 
		Unchanged: 
 Data sizes:     COMRAM   BANK0   BANK1   BANK2
      Params:         0       0       0       0
      Locals:         0       0       0       0
      Temps:          0       0       0       0
      Totals:         0       0       0       0
Total ram usage:        0 bytes
 Hardware stack levels used:    1
 Hardware stack levels required when called:    2
 This function calls:
		Nothing
 This function is called by:
		_main
 This function uses a non-reentrant model


 *************** function _FillServoPositionString *****************
 Defined at:
		line 222 in file "main.c"
 Parameters:    Size  Location     Type
		None
 Auto vars:     Size  Location     Type
  tmp             5   13[BANK0 ] unsigned char [5]
  i               2   18[BANK0 ] unsigned int 
 Return value:  Size  Location     Type
                  1    wreg      void 
 Registers used:
		wreg, fsr1l, fsr1h, fsr2l, fsr2h, status,2, status,0, tblptrl, tblptrh, tblptru, prodl, prodh, cstack
 Tracked objects:
		On entry : 
		On exit  : 
		Unchanged: 
 Data sizes:     COMRAM   BANK0   BANK1   BANK2
      Params:         0       0       0       0
      Locals:         0       7       0       0
      Temps:          0       0       0       0
      Totals:         0       7       0       0
Total ram usage:        7 bytes
 Hardware stack levels used:    1
 Hardware stack levels required when called:    4
 This function calls:
		_EmptyMovementString
		___wmul
		_sprintf
		_strcat
 This function is called by:
		_main
 This function uses a non-reentrant model


 *************** function _strcat *****************
 Defined at:
		line 8 in file "C:\Program Files (x86)\Microchip\xc8\v1.44\sources\common\strcat.c"
 Parameters:    Size  Location     Type
  to              2   45[COMRAM] PTR unsigned char 
		 -> movementString(256), 
  from            2   47[COMRAM] PTR const unsigned char 
		 -> STR_22(2), STR_20(2), STR_19(2), STR_18(2), 
		 -> STR_16(2), STR_15(2), STR_14(2), InitServos@tmp(5), 
		 -> STR_12(2), STR_11(2), STR_10(7), STR_8(2), 
		 -> STR_7(2), STR_5(2), STR_4(2), FillServoPositionString@tmp(5), 
		 -> STR_2(2), STR_1(2), servosets(162), 
 Auto vars:     Size  Location     Type
  cp              2   49[COMRAM] PTR unsigned char 
		 -> movementString(256), 
 Return value:  Size  Location     Type
                  2   45[COMRAM] PTR unsigned char 
 Registers used:
		wreg, fsr1l, fsr1h, fsr2l, fsr2h, status,2, status,0, tblptrl, tblptrh, tblptru
 Tracked objects:
		On entry : 
		On exit  : 
		Unchanged: 
 Data sizes:     COMRAM   BANK0   BANK1   BANK2
      Params:         4       0       0       0
      Locals:         2       0       0       0
      Temps:          0       0       0       0
      Totals:         6       0       0       0
Total ram usage:        6 bytes
 Hardware stack levels used:    1
 Hardware stack levels required when called:    2
 This function calls:
		Nothing
 This function is called by:
		_FillServoPositionString
		_InitServos
 This function uses a non-reentrant model


 *************** function _sprintf *****************
 Defined at:
		line 492 in file "C:\Program Files (x86)\Microchip\xc8\v1.44\sources\common\doprnt.c"
 Parameters:    Size  Location     Type
  sp              2    0[BANK0 ] PTR unsigned char 
		 -> InitServos@tmp(5), FillServoPositionString@tmp(5), 
  f               2    2[BANK0 ] PTR const unsigned char 
		 -> STR_21(3), STR_17(3), STR_13(3), STR_9(3), 
		 -> STR_6(3), STR_3(3), 
 Auto vars:     Size  Location     Type
  tmpval          4    0        struct .
  cp              3    0        PTR const unsigned char 
  val             2   10[BANK0 ] unsigned int 
  ap              2    6[BANK0 ] PTR void [1]
		 -> ?_sprintf(2), 
  len             2    0        unsigned int 
  c               1   12[BANK0 ] char 
  prec            1    9[BANK0 ] char 
  flag            1    8[BANK0 ] unsigned char 
 Return value:  Size  Location     Type
                  2    0[BANK0 ] int 
 Registers used:
		wreg, fsr2l, fsr2h, status,2, status,0, tblptrl, tblptrh, tblptru, prodl, prodh, cstack
 Tracked objects:
		On entry : 
		On exit  : 
		Unchanged: 
 Data sizes:     COMRAM   BANK0   BANK1   BANK2
      Params:         0       6       0       0
      Locals:         0       7       0       0
      Temps:          1       0       0       0
      Totals:         1      13       0       0
Total ram usage:       14 bytes
 Hardware stack levels used:    1
 Hardware stack levels required when called:    3
 This function calls:
		___lwdiv
		___lwmod
 This function is called by:
		_FillServoPositionString
		_InitServos
 This function uses a non-reentrant model


 *************** function ___lwmod *****************
 Defined at:
		line 8 in file "C:\Program Files (x86)\Microchip\xc8\v1.44\sources\common\lwmod.c"
 Parameters:    Size  Location     Type
  dividend        2   46[COMRAM] unsigned int 
  divisor         2   48[COMRAM] unsigned int 
 Auto vars:     Size  Location     Type
  counter         1   50[COMRAM] unsigned char 
 Return value:  Size  Location     Type
                  2   46[COMRAM] unsigned int 
 Registers used:
		wreg, status,2, status,0
 Tracked objects:
		On entry : 
		On exit  : 
		Unchanged: 
 Data sizes:     COMRAM   BANK0   BANK1   BANK2
      Params:         4       0       0       0
      Locals:         1       0       0       0
      Temps:          0       0       0       0
      Totals:         5       0       0       0
Total ram usage:        5 bytes
 Hardware stack levels used:    1
 Hardware stack levels required when called:    2
 This function calls:
		Nothing
 This function is called by:
		_sprintf
 This function uses a non-reentrant model


 *************** function ___lwdiv *****************
 Defined at:
		line 8 in file "C:\Program Files (x86)\Microchip\xc8\v1.44\sources\common\lwdiv.c"
 Parameters:    Size  Location     Type
  dividend        2   39[COMRAM] unsigned int 
  divisor         2   41[COMRAM] unsigned int 
 Auto vars:     Size  Location     Type
  quotient        2   43[COMRAM] unsigned int 
  counter         1   45[COMRAM] unsigned char 
 Return value:  Size  Location     Type
                  2   39[COMRAM] unsigned int 
 Registers used:
		wreg, status,2, status,0
 Tracked objects:
		On entry : 
		On exit  : 
		Unchanged: 
 Data sizes:     COMRAM   BANK0   BANK1   BANK2
      Params:         4       0       0       0
      Locals:         3       0       0       0
      Temps:          0       0       0       0
      Totals:         7       0       0       0
Total ram usage:        7 bytes
 Hardware stack levels used:    1
 Hardware stack levels required when called:    2
 This function calls:
		Nothing
 This function is called by:
		_sprintf
 This function uses a non-reentrant model


 *************** function ___wmul *****************
 Defined at:
		line 15 in file "C:\Program Files (x86)\Microchip\xc8\v1.44\sources\common\Umul16.c"
 Parameters:    Size  Location     Type
  multiplier      2   39[COMRAM] unsigned int 
  multiplicand    2   41[COMRAM] unsigned int 
 Auto vars:     Size  Location     Type
  product         2   43[COMRAM] unsigned int 
 Return value:  Size  Location     Type
                  2   39[COMRAM] unsigned int 
 Registers used:
		wreg, status,2, status,0, prodl, prodh
 Tracked objects:
		On entry : 
		On exit  : 
		Unchanged: 
 Data sizes:     COMRAM   BANK0   BANK1   BANK2
      Params:         4       0       0       0
      Locals:         2       0       0       0
      Temps:          0       0       0       0
      Totals:         6       0       0       0
Total ram usage:        6 bytes
 Hardware stack levels used:    1
 Hardware stack levels required when called:    2
 This function calls:
		Nothing
 This function is called by:
		_FillServoPositionString
		_InitServos
 This function uses a non-reentrant model


 *************** function _EmptyMovementString *****************
 Defined at:
		line 247 in file "main.c"
 Parameters:    Size  Location     Type
		None
 Auto vars:     Size  Location     Type
		None
 Return value:  Size  Location     Type
                  1    wreg      void 
 Registers used:
		wreg, fsr2l, fsr2h, status,2, status,0, cstack
 Tracked objects:
		On entry : 
		On exit  : 
		Unchanged: 
 Data sizes:     COMRAM   BANK0   BANK1   BANK2
      Params:         0       0       0       0
      Locals:         0       0       0       0
      Temps:          0       0       0       0
      Totals:         0       0       0       0
Total ram usage:        0 bytes
 Hardware stack levels used:    1
 Hardware stack levels required when called:    3
 This function calls:
		_memset
 This function is called by:
		_FillServoPositionString
		_InitServos
 This function uses a non-reentrant model


 *************** function _memset *****************
 Defined at:
		line 8 in file "C:\Program Files (x86)\Microchip\xc8\v1.44\sources\common\memset.c"
 Parameters:    Size  Location     Type
  p1              2   39[COMRAM] PTR void 
		 -> movementString(256), 
  c               2   41[COMRAM] int 
  n               2   43[COMRAM] unsigned int 
 Auto vars:     Size  Location     Type
  p               2   45[COMRAM] PTR unsigned char 
		 -> movementString(256), 
 Return value:  Size  Location     Type
                  2   39[COMRAM] PTR void 
 Registers used:
		wreg, fsr2l, fsr2h, status,2, status,0
 Tracked objects:
		On entry : 
		On exit  : 
		Unchanged: 
 Data sizes:     COMRAM   BANK0   BANK1   BANK2
      Params:         6       0       0       0
      Locals:         2       0       0       0
      Temps:          0       0       0       0
      Totals:         8       0       0       0
Total ram usage:        8 bytes
 Hardware stack levels used:    1
 Hardware stack levels required when called:    2
 This function calls:
		Nothing
 This function is called by:
		_EmptyMovementString
 This function uses a non-reentrant model


 *************** function _ConfigureOscillator *****************
 Defined at:
		line 23 in file "system.c"
 Parameters:    Size  Location     Type
		None
 Auto vars:     Size  Location     Type
		None
 Return value:  Size  Location     Type
                  1    wreg      void 
 Registers used:
		wreg, status,2
 Tracked objects:
		On entry : 
		On exit  : 
		Unchanged: 
 Data sizes:     COMRAM   BANK0   BANK1   BANK2
      Params:         0       0       0       0
      Locals:         0       0       0       0
      Temps:          0       0       0       0
      Totals:         0       0       0       0
Total ram usage:        0 bytes
 Hardware stack levels used:    1
 Hardware stack levels required when called:    2
 This function calls:
		Nothing
 This function is called by:
		_main
 This function uses a non-reentrant model


 *************** function _low_isr *****************
 Defined at:
		line 67 in file "interrupts.c"
 Parameters:    Size  Location     Type
		None
 Auto vars:     Size  Location     Type
		None
 Return value:  Size  Location     Type
                  1    wreg      void 
 Registers used:
		None
 Tracked objects:
		On entry : 
		On exit  : 
		Unchanged: 
 Data sizes:     COMRAM   BANK0   BANK1   BANK2
      Params:         0       0       0       0
      Locals:         0       0       0       0
      Temps:         21       0       0       0
      Totals:        21       0       0       0
Total ram usage:       21 bytes
 Hardware stack levels used:    1
 Hardware stack levels required when called:    1
 This function calls:
		Nothing
 This function is called by:
		Interrupt level 1
 This function uses a non-reentrant model


 *************** function _high_isr *****************
 Defined at:
		line 27 in file "interrupts.c"
 Parameters:    Size  Location     Type
		None
 Auto vars:     Size  Location     Type
		None
 Return value:  Size  Location     Type
                  1    wreg      void 
 Registers used:
		None
 Tracked objects:
		On entry : 
		On exit  : 
		Unchanged: 
 Data sizes:     COMRAM   BANK0   BANK1   BANK2
      Params:         0       0       0       0
      Locals:         0       0       0       0
      Temps:         18       0       0       0
      Totals:        18       0       0       0
Total ram usage:       18 bytes
 Hardware stack levels used:    1
 This function calls:
		Nothing
 This function is called by:
		Interrupt level 2
 This function uses a non-reentrant model



MODULE INFORMATION

Module		Function		Class		Link	Load	Size
C:\Program Files (x86)\Microchip\xc8\v1.44\sources\common\lwmod.c
		___lwmod       		CODE           	0BF6	0000	67

C:\Program Files (x86)\Microchip\xc8\v1.44\sources\common\lwmod.c estimated size: 67

C:\Program Files (x86)\Microchip\xc8\v1.44\sources\common\memset.c
		_memset        		CODE           	0CD8	0000	45

C:\Program Files (x86)\Microchip\xc8\v1.44\sources\common\memset.c estimated size: 45

interrupts.c
		_high_isr      		CODE           	0008	0000	157
		_low_isr       		CODE           	0018	0000	175

interrupts.c estimated size: 332

C:\Program Files (x86)\Microchip\xc8\v1.44\sources\common\lwdiv.c
		___lwdiv       		CODE           	0BA4	0000	83

C:\Program Files (x86)\Microchip\xc8\v1.44\sources\common\lwdiv.c estimated size: 83

C:\Program Files (x86)\Microchip\xc8\v1.44\sources\common\doprnt.c
		_sprintf       		CODE           	0914	0000	333

C:\Program Files (x86)\Microchip\xc8\v1.44\sources\common\doprnt.c estimated size: 333

C:\Program Files (x86)\Microchip\xc8\v1.44\sources\common\Umul16.c
		___wmul        		CODE           	0D04	0000	39

C:\Program Files (x86)\Microchip\xc8\v1.44\sources\common\Umul16.c estimated size: 39

shared
		_positions     		SMALLCONST     	0301	0000	17
		_dpowers       		SMALLCONST     	0311	0000	11
		__initialization		CODE           	0D2A	0000	21
		_servosets     		SMALLCONST     	031D	0000	163
		_SERVOSETS     		SMALLCONST     	031B	0000	3

shared estimated size: 215

user.c
		_InitApp       		CODE           	0D90	0000	3

user.c estimated size: 3

C:\Program Files (x86)\Microchip\xc8\v1.44\sources\common\strcat.c
		_strcat        		CODE           	0AF6	0000	89

C:\Program Files (x86)\Microchip\xc8\v1.44\sources\common\strcat.c estimated size: 89

main.c
		_UART_Write_String		CODE           	0B4E	0000	87
		_FillServoPositionString		CODE           	069A	0000	635
		_InitServos    		CODE           	03CE	0000	717
		_UART_Init     		CODE           	0CAA	0000	47
		_main          		CODE           	0C72	0000	57
		_EmptyMovementString		CODE           	0D4C	0000	31
		_UART_Write    		CODE           	0D84	0000	13

main.c estimated size: 1587

system.c
		_ConfigureOscillator		CODE           	0D6A	0000	27

system.c estimated size: 27

C:\Program Files (x86)\Microchip\xc8\v1.44\sources\common\strlen.c
		_strlen        		CODE           	0C38	0000	59

C:\Program Files (x86)\Microchip\xc8\v1.44\sources\common\strlen.c estimated size: 59

