Microchip MPLAB XC8 Compiler V1.44 ()

Linker command line:

-W-3 --edf=C:\Program Files (x86)\Microchip\xc8\v1.44\dat\en_msgs.txt -cs \
  -h+dist/XC8_18F87K22/production\SimpleWalking.X.production.sym \
  --cmf=dist/XC8_18F87K22/production\SimpleWalking.X.production.cmf -z \
  -Q18F2480 -oC:\Users\Kjetil\AppData\Local\Temp\sbs4.2 \
  -Mdist/XC8_18F87K22/production/SimpleWalking.X.production.map -E1 \
  -ver=XC8 -ASTACK=060h-0ffh -pstack=STACK -ACODE=00h-03FFFh \
  -ACONST=00h-03FFFh -ASMALLCONST=0300h-03FFhx61 -AMEDIUMCONST=0300h-03FFFh \
  -ACOMRAM=01h-05Fh -AABS1=00h-02FFh -ABIGRAM=01h-02FFh \
  -ARAM=060h-0FFh,0100h-01FFhx2 -ABANK0=060h-0FFh -ABANK1=0100h-01FFh \
  -ABANK2=0200h-02FFh -ASFR=0D00h-0DFFhx2,0F00h-0F5Fh,0F60h-0FFFh \
  -preset_vec=00h,intcode=08h,intcodelo=018h,powerup,init -pramtop=0300h \
  -psmallconst=SMALLCONST -pmediumconst=MEDIUMCONST -pconst=CONST \
  -AFARRAM=00h-00h -ACONFIG=0300000h-030000Dh -pconfig=CONFIG \
  -AIDLOC=0200000h-0200007h -pidloc=IDLOC -AEEDATA=0F00000h-0F000FFh \
  -peeprom_data=EEDATA \
  -prdata=COMRAM,nvrram=COMRAM,nvbit=COMRAM,rbss=COMRAM,rbit=COMRAM \
  -pfarbss=FARRAM,fardata=FARRAM,nvFARRAM=FARRAM \
  -pintsave_regs=BIGRAM,bigbss=BIGRAM,bigdata=BIGRAM -pbss=RAM \
  -pidata=CODE,irdata=CODE,ibigdata=CODE,ifardata=CODE -prparam=COMRAM \
  C:\Users\Kjetil\AppData\Local\Temp\sbs4.obj \
  dist/XC8_18F87K22/production\SimpleWalking.X.production.obj 

Object code version is 3.11

Machine type is 18F2480

Call graph: (short form)




                Name                               Link     Load   Length Selector   Space Scale
C:\Users\Kjetil\AppData\Local\Temp\sbs4.obj
                init                                 C6       C6        4        C       0
                reset_vec                             0        0        4        0       0
                idloc                            200000   200000        8   200000       0
                config                           300000   300000        E   300000       0
dist/XC8_18F87K22/production\SimpleWalking.X.production.obj
                intcodelo                            18       18       AE        C       0
                intcode                               8        8        6        4       0
                temp                                 36       36        1        1       1
                smallconst                          300      300       7E      180       0
                intcode_body                        37E      37E       96      1BF       0
                text8                               538      538       1A      1BF       0
                text7                               56E      56E        2      1BF       0
                text6                               414      414       3A      1BF       0
                text5                               44E      44E       38      1BF       0
                text4                               560      560        E      1BF       0
                text3                               4E4      4E4       2E      1BF       0
                text2                               552      552        E      1BF       0
                text1                               4B6      4B6       2E      1BF       0
                text0                               486      486       30      1BF       0
                cstackCOMRAM                          1        1       35        1       1
                bssBIGRAM                           100      100      200      100       1
                cinit                               512      512       26      1BF       0

TOTAL           Name                               Link     Load   Length     Space
        CLASS   STACK          

        CLASS   CODE           
                intcodelo                            18       18       AE         0
                intcode                               8        8        6         0
                init                                 C6       C6        4         0
                reset_vec                             0        0        4         0
                intcode_body                        37E      37E       96         0
                text8                               538      538       1A         0
                text7                               56E      56E        2         0
                text6                               414      414       3A         0
                text5                               44E      44E       38         0
                text4                               560      560        E         0
                text3                               4E4      4E4       2E         0
                text2                               552      552        E         0
                text1                               4B6      4B6       2E         0
                text0                               486      486       30         0
                cinit                               512      512       26         0

        CLASS   CONST          

        CLASS   SMALLCONST     
                smallconst                          300      300       7E         0

        CLASS   MEDIUMCONST    

        CLASS   COMRAM         
                temp                                 36       36        1         1
                cstackCOMRAM                          1        1       35         1

        CLASS   ABS1           

        CLASS   BIGRAM         
                bssBIGRAM                           100      100      200         1

        CLASS   RAM            

        CLASS   BANK0          

        CLASS   BANK1          

        CLASS   BANK2          

        CLASS   SFR            

        CLASS   FARRAM         

        CLASS   CONFIG         
                config                           300000   300000        E         0

        CLASS   IDLOC          
                idloc                            200000   200000        8         0

        CLASS   EEDATA         



SEGMENTS        Name                           Load    Length   Top    Selector   Space  Class

                reset_vec                      000000  000004  000004         0       0  CODE    
                cstackCOMRAM                   000001  000036  000037         1       1  COMRAM  
                intcode                        000008  000006  00000E         4       0  CODE    
                intcodelo                      000018  0000B2  0000CA         C       0  CODE    
                bssBIGRAM                      000100  000200  000300       100       1  BIGRAM  
                smallconst                     000300  00007E  00037E       180       0  SMALLCON
                intcode_body                   00037E  0001F2  000570       1BF       0  CODE    
                idloc                          200000  000008  200008    200000       0  IDLOC   
                config                         300000  00000E  30000E    300000       0  CONFIG  


UNUSED ADDRESS RANGES

        Name                Unused          Largest block    Delta
        BANK0            000060-0000FF               A0
        BIGRAM           000037-0000FF               C9
        CODE             000004-000007                4
                         00000E-000017                A
                         0000CA-0002FF              236
                         000570-003FFF             3A90
        COMRAM           000037-00005F               29
        CONST            000004-000007                4
                         00000E-000017                A
                         0000CA-0002FF              236
                         000570-003FFF             3A90
        EEDATA           F00000-F000FF              100
        MEDIUMCONST      000570-003FFF             3A90
        RAM              000060-0000FF               A0
        SFR              000D00-000FFF              100
        SMALLCONST       000570-003FFF              100
        STACK            000060-0000FF               A0

                                  Symbol Table

?_strlen                            cstackCOMRAM 000028
EmptyMovementString@i               cstackCOMRAM 000030
EmptyMovementString@movementString  cstackCOMRAM 00002E
MoveInitPosition@i                  cstackCOMRAM 000032
_BAUDCONbits                        (abs)        000FB8
_ConfigureOscillator                text8        000538
_EmptyMovementString                text5        00044E
_InitApp                            text7        00056E
_MAX_MOVEMENT_STRING_LENGTH         smallconst   00037B
_Move2462Positions                  text4        000560
_MoveInitPosition                   text3        0004E4
_MoveNextPosition                   text2        000552
_OSCCONbits                         (abs)        000FD3
_OSCTUNEbits                        (abs)        000F9B
_RCSTAbits                          (abs)        000FAB
_SERVOSETS                          smallconst   000379
_SPBRG                              (abs)        000FAF
_SPBRGH                             (abs)        000FB0
_TRISCbits                          (abs)        000F94
_TRMT                               (abs)        007D61
_TXREG                              (abs)        000FAD
_TXSTAbits                          (abs)        000FAC
_UART_Init                          text1        0004B6
__CFG_BBSIZ$1024                    (abs)        000000
__CFG_BOREN$BOHW                    (abs)        000000
__CFG_BORV$3                        (abs)        000000
__CFG_CP0$OFF                       (abs)        000000
__CFG_CP1$OFF                       (abs)        000000
__CFG_CPB$OFF                       (abs)        000000
__CFG_CPD$OFF                       (abs)        000000
__CFG_EBTR0$OFF                     (abs)        000000
__CFG_EBTR1$OFF                     (abs)        000000
__CFG_EBTRB$OFF                     (abs)        000000
__CFG_FCMEN$OFF                     (abs)        000000
__CFG_IESO$ON                       (abs)        000000
__CFG_LPT1OSC$OFF                   (abs)        000000
__CFG_LVP$OFF                       (abs)        000000
__CFG_MCLRE$ON                      (abs)        000000
__CFG_OSC$IRCIO7                    (abs)        000000
__CFG_PBADEN$ON                     (abs)        000000
__CFG_PWRT$OFF                      (abs)        000000
__CFG_STVREN$ON                     (abs)        000000
__CFG_WDT$OFF                       (abs)        000000
__CFG_WDTPS$32768                   (abs)        000000
__CFG_WRT0$OFF                      (abs)        000000
__CFG_WRT1$OFF                      (abs)        000000
__CFG_WRTB$OFF                      (abs)        000000
__CFG_WRTC$OFF                      (abs)        000000
__CFG_WRTD$OFF                      (abs)        000000
__CFG_XINST$OFF                     (abs)        000000
__HRAM                              (abs)        000000
__Habs1                             abs1         000000
__Hbank0                            bank0        000000
__Hbank1                            bank1        000000
__Hbank2                            bank2        000000
__Hbigbss                           bigbss       000000
__Hbigdata                          bigdata      000000
__Hbigram                           bigram       000000
__Hbss                              bss          000000
__HbssBIGRAM                        bssBIGRAM    000000
__Hcinit                            cinit        000000
__Hclrtext                          clrtext      000000
__Hcomram                           comram       000000
__Hconfig                           config       30000E
__Hconst                            const        000000
__HcstackCOMRAM                     cstackCOMRAM 000000
__Hdata                             data         000000
__Heeprom_data                      eeprom_data  000000
__Hfarbss                           farbss       000000
__Hfardata                          fardata      000000
__Hibigdata                         ibigdata     000000
__Hidata                            idata        000000
__Hidloc                            idloc        200008
__Hifardata                         ifardata     000000
__Hinit                             init         0000CA
__Hintcode                          intcode      00000E
__Hintcode_body                     intcode_body 000000
__Hintcodelo                        intcodelo    0000C6
__Hintentry                         intentry     000000
__Hintret                           intret       000000
__Hintsave_regs                     intsave_regs 000000
__Hirdata                           irdata       000000
__Hmediumconst                      mediumconst  000000
__HnvFARRAM                         nvFARRAM     000000
__Hnvbit                            nvbit        000000
__Hnvrram                           nvrram       000000
__Hparam                            rparam       000000
__Hpowerup                          powerup      0000C6
__Hram                              ram          000000
__Hramtop                           ramtop       000300
__Hrbit                             rbit         000000
__Hrbss                             rbss         000000
__Hrdata                            rdata        000000
__Hreset_vec                        reset_vec    000004
__Hrparam                           rparam       000000
__Hsfr                              sfr          000000
__Hsmallconst                       smallconst   00037E
__Hspace_0                          (abs)        30000E
__Hspace_1                          (abs)        000300
__Hspace_2                          (abs)        000000
__Hstack                            stack        000000
__Hstruct                           struct       000000
__Htemp                             temp         000037
__Htext                             text         000000
__Htext0                            text0        000000
__Htext1                            text1        000000
__Htext2                            text2        000000
__Htext3                            text3        000000
__Htext4                            text4        000000
__Htext5                            text5        000000
__Htext6                            text6        000000
__Htext7                            text7        000000
__Htext8                            text8        000000
__LRAM                              (abs)        000001
__Labs1                             abs1         000000
__Lbank0                            bank0        000000
__Lbank1                            bank1        000000
__Lbank2                            bank2        000000
__Lbigbss                           bigbss       000000
__Lbigdata                          bigdata      000000
__Lbigram                           bigram       000000
__Lbss                              bss          000000
__LbssBIGRAM                        bssBIGRAM    000000
__Lcinit                            cinit        000000
__Lclrtext                          clrtext      000000
__Lcomram                           comram       000000
__Lconfig                           config       300000
__Lconst                            const        000000
__LcstackCOMRAM                     cstackCOMRAM 000000
__Ldata                             data         000000
__Leeprom_data                      eeprom_data  000000
__Lfarbss                           farbss       000000
__Lfardata                          fardata      000000
__Libigdata                         ibigdata     000000
__Lidata                            idata        000000
__Lidloc                            idloc        200000
__Lifardata                         ifardata     000000
__Linit                             init         0000C6
__Lintcode                          intcode      000008
__Lintcode_body                     intcode_body 000000
__Lintcodelo                        intcodelo    000018
__Lintentry                         intentry     000000
__Lintret                           intret       000000
__Lintsave_regs                     intsave_regs 000000
__Lirdata                           irdata       000000
__Lmediumconst                      mediumconst  000000
__LnvFARRAM                         nvFARRAM     000000
__Lnvbit                            nvbit        000000
__Lnvrram                           nvrram       000000
__Lparam                            rparam       000000
__Lpowerup                          powerup      0000C6
__Lram                              ram          000000
__Lramtop                           ramtop       000300
__Lrbit                             rbit         000000
__Lrbss                             rbss         000000
__Lrdata                            rdata        000000
__Lreset_vec                        reset_vec    000000
__Lrparam                           rparam       000000
__Lsfr                              sfr          000000
__Lsmallconst                       smallconst   000300
__Lspace_0                          (abs)        000000
__Lspace_1                          (abs)        000000
__Lspace_2                          (abs)        000000
__Lstack                            stack        000000
__Lstruct                           struct       000000
__Ltemp                             temp         000036
__Ltext                             text         000000
__Ltext0                            text0        000000
__Ltext1                            text1        000000
__Ltext2                            text2        000000
__Ltext3                            text3        000000
__Ltext4                            text4        000000
__Ltext5                            text5        000000
__Ltext6                            text6        000000
__Ltext7                            text7        000000
__Ltext8                            text8        000000
__S0                                (abs)        30000E
__S1                                (abs)        000300
__S2                                (abs)        000000
___inthi_sp                         stack        000000
___intlo_sp                         stack        000000
___param_bank                       (abs)        000000
___rparam_used                      (abs)        000001
___sp                               stack        000000
__accesstop                         (abs)        000060
__activetblptr                      (abs)        000001
__end_of_ConfigureOscillator        text8        000552
__end_of_EmptyMovementString        text5        000486
__end_of_InitApp                    text7        000570
__end_of_MAX_MOVEMENT_STRING_LENGTH smallconst   00037D
__end_of_Move2462Positions          text4        00056E
__end_of_MoveInitPosition           text3        000512
__end_of_MoveNextPosition           text2        000560
__end_of_SERVOSETS                  smallconst   00037B
__end_of_UART_Init                  text1        0004E4
__end_of__initialization            cinit        000526
__end_of_high_isr                   intcode_body 000414
__end_of_low_isr                    intcodelo    0000C6
__end_of_main                       text0        0004B6
__end_of_servosets                  smallconst   000379
__end_of_strlen                     text6        00044E
__initialization                    cinit        000512
__mediumconst                       mediumconst  000000
__pbssBIGRAM                        bssBIGRAM    000100
__pcinit                            cinit        000512
__pcstackCOMRAM                     cstackCOMRAM 000001
__pintcode                          intcode      000008
__pintcode_body                     intcode_body 00037E
__pintcodelo                        intcodelo    000018
__psmallconst                       smallconst   000300
__ptext0                            text0        000486
__ptext1                            text1        0004B6
__ptext2                            text2        000552
__ptext3                            text3        0004E4
__ptext4                            text4        000560
__ptext5                            text5        00044E
__ptext6                            text6        000414
__ptext7                            text7        00056E
__ptext8                            text8        000538
__ramtop                            ramtop       000300
__size_of_ConfigureOscillator       (abs)        000000
__size_of_EmptyMovementString       (abs)        000000
__size_of_InitApp                   (abs)        000000
__size_of_Move2462Positions         (abs)        000000
__size_of_MoveInitPosition          (abs)        000000
__size_of_MoveNextPosition          (abs)        000000
__size_of_UART_Init                 (abs)        000000
__size_of_high_isr                  (abs)        000000
__size_of_low_isr                   (abs)        000000
__size_of_main                      (abs)        000000
__size_of_strlen                    (abs)        000000
__smallconst                        smallconst   000300
_high_isr                           intcode      000008
_low_isr                            intcodelo    000018
_main                               text0        000486
_movementString                     bssBIGRAM    000100
_servosets                          smallconst   000301
_strlen                             text6        000414
btemp                               temp         000036
end_of_initialization               cinit        000526
int$flags                           temp         000036
int_func                            intcode_body 00037E
intlevel0                           text         000000
intlevel1                           text         000000
intlevel2                           text         000000
intlevel3                           text         000000
stackhi                             (abs)        0000FF
stacklo                             (abs)        000060
start                               init         0000C6
start_initialization                cinit        000512
strlen@cp                           cstackCOMRAM 00002C
strlen@s                            cstackCOMRAM 000028
wtemp6                              temp         000037


FUNCTION INFORMATION:

 *************** function _main *****************
 Defined at:
		line 131 in file "main.c"
 Parameters:    Size  Location     Type
		None
 Auto vars:     Size  Location     Type
		None
 Return value:  Size  Location     Type
                  1    wreg      void 
 Registers used:
		wreg, fsr2l, fsr2h, status,2, status,0, tblptrl, tblptrh, tblptru, cstack
 Tracked objects:
		On entry : 
		On exit  : 
		Unchanged: 
 Data sizes:     COMRAM   BANK0   BANK1   BANK2
      Params:         0       0       0       0
      Locals:         0       0       0       0
      Temps:          2       0       0       0
      Totals:         2       0       0       0
Total ram usage:        2 bytes
 Hardware stack levels required when called:    5
 This function calls:
		_ConfigureOscillator
		_InitApp
		_Move2462Positions
		_MoveInitPosition
		_MoveNextPosition
		_UART_Init
 This function is called by:
		Startup code after reset
 This function uses a non-reentrant model


 *************** function _UART_Init *****************
 Defined at:
		line 171 in file "main.c"
 Parameters:    Size  Location     Type
		None
 Auto vars:     Size  Location     Type
		None
 Return value:  Size  Location     Type
                  1    wreg      unsigned char 
 Registers used:
		wreg, status,2
 Tracked objects:
		On entry : 
		On exit  : 
		Unchanged: 
 Data sizes:     COMRAM   BANK0   BANK1   BANK2
      Params:         0       0       0       0
      Locals:         0       0       0       0
      Temps:          2       0       0       0
      Totals:         2       0       0       0
Total ram usage:        2 bytes
 Hardware stack levels used:    1
 Hardware stack levels required when called:    2
 This function calls:
		Nothing
 This function is called by:
		_main
 This function uses a non-reentrant model


 *************** function _MoveNextPosition *****************
 Defined at:
		line 217 in file "main.c"
 Parameters:    Size  Location     Type
		None
 Auto vars:     Size  Location     Type
		None
 Return value:  Size  Location     Type
                  1    wreg      void 
 Registers used:
		wreg, fsr2l, fsr2h, status,2, status,0, cstack
 Tracked objects:
		On entry : 
		On exit  : 
		Unchanged: 
 Data sizes:     COMRAM   BANK0   BANK1   BANK2
      Params:         0       0       0       0
      Locals:         0       0       0       0
      Temps:          0       0       0       0
      Totals:         0       0       0       0
Total ram usage:        0 bytes
 Hardware stack levels used:    1
 Hardware stack levels required when called:    4
 This function calls:
		_EmptyMovementString
 This function is called by:
		_main
 This function uses a non-reentrant model


 *************** function _MoveInitPosition *****************
 Defined at:
		line 206 in file "main.c"
 Parameters:    Size  Location     Type
		None
 Auto vars:     Size  Location     Type
  i               2   49[COMRAM] unsigned int 
 Return value:  Size  Location     Type
                  1    wreg      void 
 Registers used:
		wreg, fsr2l, fsr2h, status,2, status,0, tblptrl, tblptrh, tblptru, cstack
 Tracked objects:
		On entry : 
		On exit  : 
		Unchanged: 
 Data sizes:     COMRAM   BANK0   BANK1   BANK2
      Params:         0       0       0       0
      Locals:         2       0       0       0
      Temps:          0       0       0       0
      Totals:         2       0       0       0
Total ram usage:        2 bytes
 Hardware stack levels used:    1
 Hardware stack levels required when called:    4
 This function calls:
		_EmptyMovementString
 This function is called by:
		_main
 This function uses a non-reentrant model


 *************** function _Move2462Positions *****************
 Defined at:
		line 213 in file "main.c"
 Parameters:    Size  Location     Type
		None
 Auto vars:     Size  Location     Type
		None
 Return value:  Size  Location     Type
                  1    wreg      void 
 Registers used:
		wreg, fsr2l, fsr2h, status,2, status,0, cstack
 Tracked objects:
		On entry : 
		On exit  : 
		Unchanged: 
 Data sizes:     COMRAM   BANK0   BANK1   BANK2
      Params:         0       0       0       0
      Locals:         0       0       0       0
      Temps:          0       0       0       0
      Totals:         0       0       0       0
Total ram usage:        0 bytes
 Hardware stack levels used:    1
 Hardware stack levels required when called:    4
 This function calls:
		_EmptyMovementString
 This function is called by:
		_main
 This function uses a non-reentrant model


 *************** function _EmptyMovementString *****************
 Defined at:
		line 221 in file "main.c"
 Parameters:    Size  Location     Type
  movementStri    2   45[COMRAM] PTR unsigned char 
		 -> movementString(512), 
 Auto vars:     Size  Location     Type
  i               2   47[COMRAM] unsigned int 
 Return value:  Size  Location     Type
                  1    wreg      void 
 Registers used:
		wreg, fsr2l, fsr2h, status,2, status,0, cstack
 Tracked objects:
		On entry : 
		On exit  : 
		Unchanged: 
 Data sizes:     COMRAM   BANK0   BANK1   BANK2
      Params:         2       0       0       0
      Locals:         2       0       0       0
      Temps:          0       0       0       0
      Totals:         4       0       0       0
Total ram usage:        4 bytes
 Hardware stack levels used:    1
 Hardware stack levels required when called:    3
 This function calls:
		_strlen
 This function is called by:
		_MoveInitPosition
		_Move2462Positions
		_MoveNextPosition
 This function uses a non-reentrant model


 *************** function _strlen *****************
 Defined at:
		line 4 in file "C:\Program Files (x86)\Microchip\xc8\v1.44\sources\common\strlen.c"
 Parameters:    Size  Location     Type
  s               2   39[COMRAM] PTR const unsigned char 
		 -> movementString(512), 
 Auto vars:     Size  Location     Type
  cp              2   43[COMRAM] PTR const unsigned char 
		 -> movementString(512), 
 Return value:  Size  Location     Type
                  2   39[COMRAM] unsigned int 
 Registers used:
		wreg, fsr2l, fsr2h, status,2, status,0
 Tracked objects:
		On entry : 
		On exit  : 
		Unchanged: 
 Data sizes:     COMRAM   BANK0   BANK1   BANK2
      Params:         2       0       0       0
      Locals:         2       0       0       0
      Temps:          2       0       0       0
      Totals:         6       0       0       0
Total ram usage:        6 bytes
 Hardware stack levels used:    1
 Hardware stack levels required when called:    2
 This function calls:
		Nothing
 This function is called by:
		_EmptyMovementString
		_UART_Write_String
 This function uses a non-reentrant model


 *************** function _InitApp *****************
 Defined at:
		line 28 in file "user.c"
 Parameters:    Size  Location     Type
		None
 Auto vars:     Size  Location     Type
		None
 Return value:  Size  Location     Type
                  1    wreg      void 
 Registers used:
		None
 Tracked objects:
		On entry : 
		On exit  : 
		Unchanged: 
 Data sizes:     COMRAM   BANK0   BANK1   BANK2
      Params:         0       0       0       0
      Locals:         0       0       0       0
      Temps:          0       0       0       0
      Totals:         0       0       0       0
Total ram usage:        0 bytes
 Hardware stack levels used:    1
 Hardware stack levels required when called:    2
 This function calls:
		Nothing
 This function is called by:
		_main
 This function uses a non-reentrant model


 *************** function _ConfigureOscillator *****************
 Defined at:
		line 23 in file "system.c"
 Parameters:    Size  Location     Type
		None
 Auto vars:     Size  Location     Type
		None
 Return value:  Size  Location     Type
                  1    wreg      void 
 Registers used:
		wreg, status,2
 Tracked objects:
		On entry : 
		On exit  : 
		Unchanged: 
 Data sizes:     COMRAM   BANK0   BANK1   BANK2
      Params:         0       0       0       0
      Locals:         0       0       0       0
      Temps:          0       0       0       0
      Totals:         0       0       0       0
Total ram usage:        0 bytes
 Hardware stack levels used:    1
 Hardware stack levels required when called:    2
 This function calls:
		Nothing
 This function is called by:
		_main
 This function uses a non-reentrant model


 *************** function _low_isr *****************
 Defined at:
		line 67 in file "interrupts.c"
 Parameters:    Size  Location     Type
		None
 Auto vars:     Size  Location     Type
		None
 Return value:  Size  Location     Type
                  1    wreg      void 
 Registers used:
		None
 Tracked objects:
		On entry : 
		On exit  : 
		Unchanged: 
 Data sizes:     COMRAM   BANK0   BANK1   BANK2
      Params:         0       0       0       0
      Locals:         0       0       0       0
      Temps:         21       0       0       0
      Totals:        21       0       0       0
Total ram usage:       21 bytes
 Hardware stack levels used:    1
 Hardware stack levels required when called:    1
 This function calls:
		Nothing
 This function is called by:
		Interrupt level 1
 This function uses a non-reentrant model


 *************** function _high_isr *****************
 Defined at:
		line 27 in file "interrupts.c"
 Parameters:    Size  Location     Type
		None
 Auto vars:     Size  Location     Type
		None
 Return value:  Size  Location     Type
                  1    wreg      void 
 Registers used:
		None
 Tracked objects:
		On entry : 
		On exit  : 
		Unchanged: 
 Data sizes:     COMRAM   BANK0   BANK1   BANK2
      Params:         0       0       0       0
      Locals:         0       0       0       0
      Temps:         18       0       0       0
      Totals:        18       0       0       0
Total ram usage:       18 bytes
 Hardware stack levels used:    1
 This function calls:
		Nothing
 This function is called by:
		Interrupt level 2
 This function uses a non-reentrant model



MODULE INFORMATION

Module		Function		Class		Link	Load	Size
interrupts.c
		_high_isr      		CODE           	0008	0000	157
		_low_isr       		CODE           	0018	0000	175

interrupts.c estimated size: 332

shared
		__initialization		CODE           	0512	0000	21
		_servosets     		SMALLCONST     	0301	0000	121
		_MAX_MOVEMENT_STRING_LENGTH		SMALLCONST     	037B	0000	3
		_SERVOSETS     		SMALLCONST     	0379	0000	3

shared estimated size: 148

user.c
		_InitApp       		CODE           	056E	0000	3

user.c estimated size: 3

main.c
		_Move2462Positions		CODE           	0560	0000	15
		_UART_Init     		CODE           	04B6	0000	47
		_main          		CODE           	0486	0000	49
		_EmptyMovementString		CODE           	044E	0000	57
		_MoveInitPosition		CODE           	04E4	0000	47
		_MoveNextPosition		CODE           	0552	0000	15

main.c estimated size: 230

system.c
		_ConfigureOscillator		CODE           	0538	0000	27

system.c estimated size: 27

C:\Program Files (x86)\Microchip\xc8\v1.44\sources\common\strlen.c
		_strlen        		CODE           	0414	0000	59

C:\Program Files (x86)\Microchip\xc8\v1.44\sources\common\strlen.c estimated size: 59

