Microchip MPLAB XC8 Compiler V1.44 ()

Linker command line:

-W-3 --edf=C:\Program Files (x86)\Microchip\xc8\v1.44\dat\en_msgs.txt -cs \
  -h+dist/XC8_18F87K22/production\ChangePosition.X.production.sym \
  --cmf=dist/XC8_18F87K22/production\ChangePosition.X.production.cmf -z \
  -Q18F2480 -oC:\Users\Kjetil\AppData\Local\Temp\s758.2 \
  -Mdist/XC8_18F87K22/production/ChangePosition.X.production.map -E1 \
  -ver=XC8 -ASTACK=0D0h-02ffh -pstack=STACK -ACODE=00h-03FFFh \
  -ACONST=00h-03FFFh -ASMALLCONST=0300h-03FFhx61 -AMEDIUMCONST=0300h-03FFFh \
  -ACOMRAM=01h-05Fh -AABS1=00h-02FFh -ABIGRAM=01h-02FFh \
  -ARAM=060h-0FFh,0100h-01FFhx2 -ABANK0=060h-0FFh -ABANK1=0100h-01FFh \
  -ABANK2=0200h-02FFh -ASFR=0D00h-0DFFhx2,0F00h-0F5Fh,0F60h-0FFFh \
  -preset_vec=00h,intcode=08h,intcodelo=018h,powerup,init -pramtop=0300h \
  -psmallconst=SMALLCONST -pmediumconst=MEDIUMCONST -pconst=CONST \
  -AFARRAM=00h-00h -ACONFIG=0300000h-030000Dh -pconfig=CONFIG \
  -AIDLOC=0200000h-0200007h -pidloc=IDLOC -AEEDATA=0F00000h-0F000FFh \
  -peeprom_data=EEDATA \
  -prdata=COMRAM,nvrram=COMRAM,nvbit=COMRAM,rbss=COMRAM,rbit=COMRAM \
  -pfarbss=FARRAM,fardata=FARRAM,nvFARRAM=FARRAM \
  -pintsave_regs=BIGRAM,bigbss=BIGRAM,bigdata=BIGRAM -pbss=RAM \
  -pidata=CODE,irdata=CODE,ibigdata=CODE,ifardata=CODE -prparam=COMRAM \
  C:\Users\Kjetil\AppData\Local\Temp\s758.obj \
  dist/XC8_18F87K22/production\ChangePosition.X.production.obj 

Object code version is 3.11

Machine type is 18F2480

Call graph: (short form)




                Name                               Link     Load   Length Selector   Space Scale
C:\Users\Kjetil\AppData\Local\Temp\s758.obj
                init                                 C6       C6        4        C       0
                reset_vec                             0        0        4        0       0
                idloc                            200000   200000        8   200000       0
                config                           300000   300000        E   300000       0
dist/XC8_18F87K22/production\ChangePosition.X.production.obj
                intcodelo                            18       18       AE        C       0
                intcode                               8        8        6        4       0
                temp                                 37       37        1        1       1
                mediumconst                        3D68     3D68      298     1EB4       0
                intcode_body                        362      362       96        C       0
                text6                               554      554       1A        C       0
                text5                               57A      57A        2        C       0
                text4                               526      526       2E        C       0
                text3                               56E      56E        C        C       0
                text2                               4BA      4BA       3E        C       0
                text1                               464      464       56        C       0
                text0                                CA       CA      298        C       0
                cstackCOMRAM                          1        1       36        1       1
                cstackBANK0                          CC       CC        4       60       1
                dataBANK0                            60       60       6C       60       1
                cinit                               4F8      4F8       2E        C       0
                idataBANK0                          3F8      3F8       6C        C       0

TOTAL           Name                               Link     Load   Length     Space
        CLASS   STACK          

        CLASS   CODE           
                intcodelo                            18       18       AE         0
                intcode                               8        8        6         0
                init                                 C6       C6        4         0
                reset_vec                             0        0        4         0
                intcode_body                        362      362       96         0
                text6                               554      554       1A         0
                text5                               57A      57A        2         0
                text4                               526      526       2E         0
                text3                               56E      56E        C         0
                text2                               4BA      4BA       3E         0
                text1                               464      464       56         0
                text0                                CA       CA      298         0
                cinit                               4F8      4F8       2E         0
                idataBANK0                          3F8      3F8       6C         0

        CLASS   CONST          

        CLASS   SMALLCONST     

        CLASS   MEDIUMCONST    
                mediumconst                        3D68     3D68      298         0

        CLASS   COMRAM         
                temp                                 37       37        1         1
                cstackCOMRAM                          1        1       36         1

        CLASS   ABS1           

        CLASS   BIGRAM         

        CLASS   RAM            

        CLASS   BANK0          
                cstackBANK0                          CC       CC        4         1
                dataBANK0                            60       60       6C         1

        CLASS   BANK1          

        CLASS   BANK2          

        CLASS   SFR            

        CLASS   FARRAM         

        CLASS   CONFIG         
                config                           300000   300000        E         0

        CLASS   IDLOC          
                idloc                            200000   200000        8         0

        CLASS   EEDATA         



SEGMENTS        Name                           Load    Length   Top    Selector   Space  Class

                reset_vec                      000000  000004  000004         0       0  CODE    
                cstackCOMRAM                   000001  000037  000038         1       1  COMRAM  
                intcode                        000008  000006  00000E         4       0  CODE    
                intcodelo                      000018  000564  00057C         C       0  CODE    
                dataBANK0                      000060  000070  0000D0        60       1  BANK0   
                mediumconst                    003D68  000298  004000      1EB4       0  MEDIUMCO
                idloc                          200000  000008  200008    200000       0  IDLOC   
                config                         300000  00000E  30000E    300000       0  CONFIG  


UNUSED ADDRESS RANGES

        Name                Unused          Largest block    Delta
        BANK0            0000D0-0000FF               30
        BANK1            000100-0001FF              100
        BANK2            000200-0002FF              100
        BIGRAM           000038-00005F               28
                         0000D0-0002FF              230
        CODE             000004-000007                4
                         00000E-000017                A
                         00057C-003D67             37EC
        COMRAM           000038-00005F               28
        CONST            000004-000007                4
                         00000E-000017                A
                         00057C-003D67             37EC
        EEDATA           F00000-F000FF              100
        MEDIUMCONST      00057C-003D67             37EC
        RAM              0000D0-0002FF              100
        SFR              000D00-000FFF              100
        SMALLCONST       00057C-003D67              100
        STACK            0000D0-0002FF              230

                                  Symbol Table

?_strlen                      cstackCOMRAM 000028
UART_Write@data               cstackCOMRAM 000028
UART_Write_String@a           cstackCOMRAM 000036
UART_Write_String@arrayLength cstackCOMRAM 000032
UART_Write_String@i           cstackCOMRAM 000034
UART_Write_String@str         cstackCOMRAM 00002E
_BAUDCONbits                  (abs)        000FB8
_ConfigureOscillator          text6        000554
_InitApp                      text5        00057A
_OSCCONbits                   (abs)        000FD3
_OSCTUNEbits                  (abs)        000F9B
_RCSTAbits                    (abs)        000FAB
_SERVO0                       dataBANK0    0000C6
_SERVO1                       dataBANK0    0000C0
_SERVO10                      dataBANK0    000096
_SERVO16                      dataBANK0    000090
_SERVO17                      dataBANK0    00008A
_SERVO18                      dataBANK0    000084
_SERVO2                       dataBANK0    0000BA
_SERVO20                      dataBANK0    00007E
_SERVO21                      dataBANK0    000078
_SERVO22                      dataBANK0    000072
_SERVO24                      dataBANK0    00006C
_SERVO25                      dataBANK0    000066
_SERVO26                      dataBANK0    000060
_SERVO4                       dataBANK0    0000B4
_SERVO5                       dataBANK0    0000AE
_SERVO6                       dataBANK0    0000A8
_SERVO8                       dataBANK0    0000A2
_SERVO9                       dataBANK0    00009C
_SERVOSETS                    mediumconst  003D69
_SPBRG                        (abs)        000FAF
_SPBRGH                       (abs)        000FB0
_TRISCbits                    (abs)        000F94
_TRMT                         (abs)        007D61
_TXREG                        (abs)        000FAD
_TXSTAbits                    (abs)        000FAC
_UART_Init                    text4        000526
_UART_Write                   text3        00056E
_UART_Write_String            text1        000464
__CFG_BBSIZ$1024              (abs)        000000
__CFG_BOREN$BOHW              (abs)        000000
__CFG_BORV$3                  (abs)        000000
__CFG_CP0$OFF                 (abs)        000000
__CFG_CP1$OFF                 (abs)        000000
__CFG_CPB$OFF                 (abs)        000000
__CFG_CPD$OFF                 (abs)        000000
__CFG_EBTR0$OFF               (abs)        000000
__CFG_EBTR1$OFF               (abs)        000000
__CFG_EBTRB$OFF               (abs)        000000
__CFG_FCMEN$OFF               (abs)        000000
__CFG_IESO$ON                 (abs)        000000
__CFG_LPT1OSC$OFF             (abs)        000000
__CFG_LVP$OFF                 (abs)        000000
__CFG_MCLRE$ON                (abs)        000000
__CFG_OSC$IRCIO7              (abs)        000000
__CFG_PBADEN$ON               (abs)        000000
__CFG_PWRT$OFF                (abs)        000000
__CFG_STVREN$ON               (abs)        000000
__CFG_WDT$OFF                 (abs)        000000
__CFG_WDTPS$32768             (abs)        000000
__CFG_WRT0$OFF                (abs)        000000
__CFG_WRT1$OFF                (abs)        000000
__CFG_WRTB$OFF                (abs)        000000
__CFG_WRTC$OFF                (abs)        000000
__CFG_WRTD$OFF                (abs)        000000
__CFG_XINST$OFF               (abs)        000000
__HRAM                        (abs)        000000
__Habs1                       abs1         000000
__Hbank0                      bank0        000000
__Hbank1                      bank1        000000
__Hbank2                      bank2        000000
__Hbigbss                     bigbss       000000
__Hbigdata                    bigdata      000000
__Hbigram                     bigram       000000
__Hbss                        bss          000000
__Hcinit                      cinit        000000
__Hclrtext                    clrtext      000000
__Hcomram                     comram       000000
__Hconfig                     config       30000E
__Hconst                      const        000000
__HcstackBANK0                cstackBANK0  000000
__HcstackCOMRAM               cstackCOMRAM 000000
__Hdata                       data         000000
__HdataBANK0                  dataBANK0    000000
__Heeprom_data                eeprom_data  000000
__Hfarbss                     farbss       000000
__Hfardata                    fardata      000000
__Hibigdata                   ibigdata     000000
__Hidata                      idata        000000
__HidataBANK0                 idataBANK0   000000
__Hidloc                      idloc        200008
__Hifardata                   ifardata     000000
__Hinit                       init         0000CA
__Hintcode                    intcode      00000E
__Hintcode_body               intcode_body 000000
__Hintcodelo                  intcodelo    0000C6
__Hintentry                   intentry     000000
__Hintret                     intret       000000
__Hintsave_regs               intsave_regs 000000
__Hirdata                     irdata       000000
__Hmediumconst                mediumconst  004000
__HnvFARRAM                   nvFARRAM     000000
__Hnvbit                      nvbit        000000
__Hnvrram                     nvrram       000000
__Hparam                      rparam       000000
__Hpowerup                    powerup      0000C6
__Hram                        ram          000000
__Hramtop                     ramtop       000300
__Hrbit                       rbit         000000
__Hrbss                       rbss         000000
__Hrdata                      rdata        000000
__Hreset_vec                  reset_vec    000004
__Hrparam                     rparam       000000
__Hsfr                        sfr          000000
__Hsmallconst                 smallconst   000000
__Hspace_0                    (abs)        30000E
__Hspace_1                    (abs)        0000D0
__Hspace_2                    (abs)        000000
__Hstack                      stack        000000
__Hstruct                     struct       000000
__Htemp                       temp         000038
__Htext                       text         000000
__Htext0                      text0        000000
__Htext1                      text1        000000
__Htext2                      text2        000000
__Htext3                      text3        000000
__Htext4                      text4        000000
__Htext5                      text5        000000
__Htext6                      text6        000000
__LRAM                        (abs)        000001
__Labs1                       abs1         000000
__Lbank0                      bank0        000000
__Lbank1                      bank1        000000
__Lbank2                      bank2        000000
__Lbigbss                     bigbss       000000
__Lbigdata                    bigdata      000000
__Lbigram                     bigram       000000
__Lbss                        bss          000000
__Lcinit                      cinit        000000
__Lclrtext                    clrtext      000000
__Lcomram                     comram       000000
__Lconfig                     config       300000
__Lconst                      const        000000
__LcstackBANK0                cstackBANK0  000000
__LcstackCOMRAM               cstackCOMRAM 000000
__Ldata                       data         000000
__LdataBANK0                  dataBANK0    000000
__Leeprom_data                eeprom_data  000000
__Lfarbss                     farbss       000000
__Lfardata                    fardata      000000
__Libigdata                   ibigdata     000000
__Lidata                      idata        000000
__LidataBANK0                 idataBANK0   000000
__Lidloc                      idloc        200000
__Lifardata                   ifardata     000000
__Linit                       init         0000C6
__Lintcode                    intcode      000008
__Lintcode_body               intcode_body 000000
__Lintcodelo                  intcodelo    000018
__Lintentry                   intentry     000000
__Lintret                     intret       000000
__Lintsave_regs               intsave_regs 000000
__Lirdata                     irdata       000000
__Lmediumconst                mediumconst  003D68
__LnvFARRAM                   nvFARRAM     000000
__Lnvbit                      nvbit        000000
__Lnvrram                     nvrram       000000
__Lparam                      rparam       000000
__Lpowerup                    powerup      0000C6
__Lram                        ram          000000
__Lramtop                     ramtop       000300
__Lrbit                       rbit         000000
__Lrbss                       rbss         000000
__Lrdata                      rdata        000000
__Lreset_vec                  reset_vec    000000
__Lrparam                     rparam       000000
__Lsfr                        sfr          000000
__Lsmallconst                 smallconst   000000
__Lspace_0                    (abs)        000000
__Lspace_1                    (abs)        000000
__Lspace_2                    (abs)        000000
__Lstack                      stack        000000
__Lstruct                     struct       000000
__Ltemp                       temp         000037
__Ltext                       text         000000
__Ltext0                      text0        000000
__Ltext1                      text1        000000
__Ltext2                      text2        000000
__Ltext3                      text3        000000
__Ltext4                      text4        000000
__Ltext5                      text5        000000
__Ltext6                      text6        000000
__S0                          (abs)        30000E
__S1                          (abs)        0000D0
__S2                          (abs)        000000
___inthi_sp                   stack        000000
___intlo_sp                   stack        000000
___param_bank                 (abs)        000000
___rparam_used                (abs)        000001
___sp                         stack        000000
__accesstop                   (abs)        000060
__activetblptr                (abs)        000002
__end_of_ConfigureOscillator  text6        00056E
__end_of_InitApp              text5        00057C
__end_of_SERVOSETS            mediumconst  003D6B
__end_of_UART_Init            text4        000554
__end_of_UART_Write           text3        00057A
__end_of_UART_Write_String    text1        0004BA
__end_of__initialization      cinit        000518
__end_of_high_isr             intcode_body 0003F8
__end_of_low_isr              intcodelo    0000C6
__end_of_main                 text0        000362
__end_of_strlen               text2        0004F8
__initialization              cinit        0004F8
__mediumconst                 mediumconst  003D68
__pcinit                      cinit        0004F8
__pcstackBANK0                cstackBANK0  0000CC
__pcstackCOMRAM               cstackCOMRAM 000001
__pdataBANK0                  dataBANK0    000060
__pidataBANK0                 idataBANK0   0003F8
__pintcode                    intcode      000008
__pintcode_body               intcode_body 000362
__pintcodelo                  intcodelo    000018
__pmediumconst                mediumconst  003D68
__ptext0                      text0        0000CA
__ptext1                      text1        000464
__ptext2                      text2        0004BA
__ptext3                      text3        00056E
__ptext4                      text4        000526
__ptext5                      text5        00057A
__ptext6                      text6        000554
__ramtop                      ramtop       000300
__size_of_ConfigureOscillator (abs)        000000
__size_of_InitApp             (abs)        000000
__size_of_UART_Init           (abs)        000000
__size_of_UART_Write          (abs)        000000
__size_of_UART_Write_String   (abs)        000000
__size_of_high_isr            (abs)        000000
__size_of_low_isr             (abs)        000000
__size_of_main                (abs)        000000
__size_of_strlen              (abs)        000000
__smallconst                  smallconst   000000
_high_isr                     intcode      000008
_low_isr                      intcodelo    000018
_main                         text0        0000CA
_strlen                       text2        0004BA
btemp                         temp         000037
end_of_initialization         cinit        000518
int$flags                     temp         000037
int_func                      intcode_body 000362
intlevel0                     text         000000
intlevel1                     text         000000
intlevel2                     text         000000
intlevel3                     text         000000
main@servoSet                 cstackBANK0  0000CE
stackhi                       (abs)        0002FF
stacklo                       (abs)        0000D0
start                         init         0000C6
start_initialization          cinit        0004F8
strlen@cp                     cstackCOMRAM 00002C
strlen@s                      cstackCOMRAM 000028
wtemp6                        temp         000038


FUNCTION INFORMATION:

 *************** function _main *****************
 Defined at:
		line 54 in file "main.c"
 Parameters:    Size  Location     Type
		None
 Auto vars:     Size  Location     Type
  servoSet        2    2[BANK0 ] unsigned int 
 Return value:  Size  Location     Type
                  1    wreg      void 
 Registers used:
		wreg, fsr2l, fsr2h, status,2, status,0, tblptrl, tblptrh, tblptru, cstack
 Tracked objects:
		On entry : 
		On exit  : 
		Unchanged: 
 Data sizes:     COMRAM   BANK0   BANK1   BANK2
      Params:         0       0       0       0
      Locals:         0       2       0       0
      Temps:          0       2       0       0
      Totals:         0       4       0       0
Total ram usage:        4 bytes
 Hardware stack levels required when called:    4
 This function calls:
		_ConfigureOscillator
		_InitApp
		_UART_Init
		_UART_Write_String
 This function is called by:
		Startup code after reset
 This function uses a non-reentrant model


 *************** function _UART_Write_String *****************
 Defined at:
		line 106 in file "main.c"
 Parameters:    Size  Location     Type
  str             2   45[COMRAM] PTR const unsigned char 
		 -> STR_54(15), STR_53(15), STR_52(14), STR_51(15), 
		 -> STR_50(15), STR_49(14), STR_48(15), STR_47(15), 
		 -> STR_46(15), STR_45(15), STR_44(15), STR_43(14), 
		 -> STR_42(15), STR_41(15), STR_40(14), STR_39(15), 
		 -> STR_38(15), STR_37(15), STR_36(15), STR_35(15), 
		 -> STR_34(14), STR_33(15), STR_32(15), STR_31(14), 
		 -> STR_30(15), STR_29(15), STR_28(15), STR_27(14), 
		 -> STR_26(15), STR_25(15), STR_24(13), STR_23(14), 
		 -> STR_22(14), STR_21(14), STR_20(14), STR_19(14), 
		 -> STR_18(13), STR_17(14), STR_16(14), STR_15(13), 
		 -> STR_14(14), STR_13(14), STR_12(14), STR_11(14), 
		 -> STR_10(14), STR_9(13), STR_8(14), STR_7(14), 
		 -> STR_6(14), STR_5(14), STR_4(14), STR_3(14), 
		 -> STR_2(14), STR_1(14), 
 Auto vars:     Size  Location     Type
  a               1   53[COMRAM] unsigned char 
  i               2   51[COMRAM] unsigned int 
  arrayLength     2   49[COMRAM] int 
 Return value:  Size  Location     Type
                  1    wreg      void 
 Registers used:
		wreg, status,2, status,0, tblptrl, tblptrh, tblptru, cstack
 Tracked objects:
		On entry : 
		On exit  : 
		Unchanged: 
 Data sizes:     COMRAM   BANK0   BANK1   BANK2
      Params:         2       0       0       0
      Locals:         5       0       0       0
      Temps:          2       0       0       0
      Totals:         9       0       0       0
Total ram usage:        9 bytes
 Hardware stack levels used:    1
 Hardware stack levels required when called:    3
 This function calls:
		_UART_Write
		_strlen
 This function is called by:
		_main
 This function uses a non-reentrant model


 *************** function _strlen *****************
 Defined at:
		line 4 in file "C:\Program Files (x86)\Microchip\xc8\v1.44\sources\common\strlen.c"
 Parameters:    Size  Location     Type
  s               2   39[COMRAM] PTR const unsigned char 
		 -> STR_54(15), STR_53(15), STR_52(14), STR_51(15), 
		 -> STR_50(15), STR_49(14), STR_48(15), STR_47(15), 
		 -> STR_46(15), STR_45(15), STR_44(15), STR_43(14), 
		 -> STR_42(15), STR_41(15), STR_40(14), STR_39(15), 
		 -> STR_38(15), STR_37(15), STR_36(15), STR_35(15), 
		 -> STR_34(14), STR_33(15), STR_32(15), STR_31(14), 
		 -> STR_30(15), STR_29(15), STR_28(15), STR_27(14), 
		 -> STR_26(15), STR_25(15), STR_24(13), STR_23(14), 
		 -> STR_22(14), STR_21(14), STR_20(14), STR_19(14), 
		 -> STR_18(13), STR_17(14), STR_16(14), STR_15(13), 
		 -> STR_14(14), STR_13(14), STR_12(14), STR_11(14), 
		 -> STR_10(14), STR_9(13), STR_8(14), STR_7(14), 
		 -> STR_6(14), STR_5(14), STR_4(14), STR_3(14), 
		 -> STR_2(14), STR_1(14), 
 Auto vars:     Size  Location     Type
  cp              2   43[COMRAM] PTR const unsigned char 
		 -> STR_54(15), STR_53(15), STR_52(14), STR_51(15), 
		 -> STR_50(15), STR_49(14), STR_48(15), STR_47(15), 
		 -> STR_46(15), STR_45(15), STR_44(15), STR_43(14), 
		 -> STR_42(15), STR_41(15), STR_40(14), STR_39(15), 
		 -> STR_38(15), STR_37(15), STR_36(15), STR_35(15), 
		 -> STR_34(14), STR_33(15), STR_32(15), STR_31(14), 
		 -> STR_30(15), STR_29(15), STR_28(15), STR_27(14), 
		 -> STR_26(15), STR_25(15), STR_24(13), STR_23(14), 
		 -> STR_22(14), STR_21(14), STR_20(14), STR_19(14), 
		 -> STR_18(13), STR_17(14), STR_16(14), STR_15(13), 
		 -> STR_14(14), STR_13(14), STR_12(14), STR_11(14), 
		 -> STR_10(14), STR_9(13), STR_8(14), STR_7(14), 
		 -> STR_6(14), STR_5(14), STR_4(14), STR_3(14), 
		 -> STR_2(14), STR_1(14), 
 Return value:  Size  Location     Type
                  2   39[COMRAM] unsigned int 
 Registers used:
		wreg, status,2, status,0, tblptrl, tblptrh, tblptru
 Tracked objects:
		On entry : 
		On exit  : 
		Unchanged: 
 Data sizes:     COMRAM   BANK0   BANK1   BANK2
      Params:         2       0       0       0
      Locals:         2       0       0       0
      Temps:          2       0       0       0
      Totals:         6       0       0       0
Total ram usage:        6 bytes
 Hardware stack levels used:    1
 Hardware stack levels required when called:    2
 This function calls:
		Nothing
 This function is called by:
		_UART_Write_String
 This function uses a non-reentrant model


 *************** function _UART_Write *****************
 Defined at:
		line 116 in file "main.c"
 Parameters:    Size  Location     Type
  data            1    wreg     unsigned char 
 Auto vars:     Size  Location     Type
  data            1   39[COMRAM] unsigned char 
 Return value:  Size  Location     Type
                  1    wreg      void 
 Registers used:
		wreg
 Tracked objects:
		On entry : 
		On exit  : 
		Unchanged: 
 Data sizes:     COMRAM   BANK0   BANK1   BANK2
      Params:         0       0       0       0
      Locals:         1       0       0       0
      Temps:          0       0       0       0
      Totals:         1       0       0       0
Total ram usage:        1 bytes
 Hardware stack levels used:    1
 Hardware stack levels required when called:    2
 This function calls:
		Nothing
 This function is called by:
		_UART_Write_String
 This function uses a non-reentrant model


 *************** function _UART_Init *****************
 Defined at:
		line 89 in file "main.c"
 Parameters:    Size  Location     Type
		None
 Auto vars:     Size  Location     Type
		None
 Return value:  Size  Location     Type
                  1    wreg      unsigned char 
 Registers used:
		wreg, status,2
 Tracked objects:
		On entry : 
		On exit  : 
		Unchanged: 
 Data sizes:     COMRAM   BANK0   BANK1   BANK2
      Params:         0       0       0       0
      Locals:         0       0       0       0
      Temps:          2       0       0       0
      Totals:         2       0       0       0
Total ram usage:        2 bytes
 Hardware stack levels used:    1
 Hardware stack levels required when called:    2
 This function calls:
		Nothing
 This function is called by:
		_main
 This function uses a non-reentrant model


 *************** function _InitApp *****************
 Defined at:
		line 22 in file "user.c"
 Parameters:    Size  Location     Type
		None
 Auto vars:     Size  Location     Type
		None
 Return value:  Size  Location     Type
                  1    wreg      void 
 Registers used:
		None
 Tracked objects:
		On entry : 
		On exit  : 
		Unchanged: 
 Data sizes:     COMRAM   BANK0   BANK1   BANK2
      Params:         0       0       0       0
      Locals:         0       0       0       0
      Temps:          0       0       0       0
      Totals:         0       0       0       0
Total ram usage:        0 bytes
 Hardware stack levels used:    1
 Hardware stack levels required when called:    2
 This function calls:
		Nothing
 This function is called by:
		_main
 This function uses a non-reentrant model


 *************** function _ConfigureOscillator *****************
 Defined at:
		line 22 in file "system.c"
 Parameters:    Size  Location     Type
		None
 Auto vars:     Size  Location     Type
		None
 Return value:  Size  Location     Type
                  1    wreg      void 
 Registers used:
		wreg, status,2
 Tracked objects:
		On entry : 
		On exit  : 
		Unchanged: 
 Data sizes:     COMRAM   BANK0   BANK1   BANK2
      Params:         0       0       0       0
      Locals:         0       0       0       0
      Temps:          0       0       0       0
      Totals:         0       0       0       0
Total ram usage:        0 bytes
 Hardware stack levels used:    1
 Hardware stack levels required when called:    2
 This function calls:
		Nothing
 This function is called by:
		_main
 This function uses a non-reentrant model


 *************** function _low_isr *****************
 Defined at:
		line 67 in file "interrupts.c"
 Parameters:    Size  Location     Type
		None
 Auto vars:     Size  Location     Type
		None
 Return value:  Size  Location     Type
                  1    wreg      void 
 Registers used:
		None
 Tracked objects:
		On entry : 
		On exit  : 
		Unchanged: 
 Data sizes:     COMRAM   BANK0   BANK1   BANK2
      Params:         0       0       0       0
      Locals:         0       0       0       0
      Temps:         21       0       0       0
      Totals:        21       0       0       0
Total ram usage:       21 bytes
 Hardware stack levels used:    1
 Hardware stack levels required when called:    1
 This function calls:
		Nothing
 This function is called by:
		Interrupt level 1
 This function uses a non-reentrant model


 *************** function _high_isr *****************
 Defined at:
		line 27 in file "interrupts.c"
 Parameters:    Size  Location     Type
		None
 Auto vars:     Size  Location     Type
		None
 Return value:  Size  Location     Type
                  1    wreg      void 
 Registers used:
		None
 Tracked objects:
		On entry : 
		On exit  : 
		Unchanged: 
 Data sizes:     COMRAM   BANK0   BANK1   BANK2
      Params:         0       0       0       0
      Locals:         0       0       0       0
      Temps:         18       0       0       0
      Totals:        18       0       0       0
Total ram usage:       18 bytes
 Hardware stack levels used:    1
 This function calls:
		Nothing
 This function is called by:
		Interrupt level 2
 This function uses a non-reentrant model



MODULE INFORMATION

Module		Function		Class		Link	Load	Size
interrupts.c
		_high_isr      		CODE           	0008	0000	157
		_low_isr       		CODE           	0018	0000	175

interrupts.c estimated size: 332

shared
		__initialization		CODE           	04F8	0000	33
		_SERVOSETS     		MEDIUMCONST    	3D69	0000	3

shared estimated size: 36

user.c
		_InitApp       		CODE           	057A	0000	3

user.c estimated size: 3

main.c
		_UART_Write_String		CODE           	0464	0000	87
		_UART_Init     		CODE           	0526	0000	47
		_main          		CODE           	00CA	0000	665
		_UART_Write    		CODE           	056E	0000	13

main.c estimated size: 812

system.c
		_ConfigureOscillator		CODE           	0554	0000	27

system.c estimated size: 27

C:\Program Files (x86)\Microchip\xc8\v1.44\sources\common\strlen.c
		_strlen        		CODE           	04BA	0000	63

C:\Program Files (x86)\Microchip\xc8\v1.44\sources\common\strlen.c estimated size: 63

