Microchip MPLAB XC8 Compiler V1.44 ()

Linker command line:

-W-3 --edf=C:\Program Files (x86)\Microchip\xc8\v1.44\dat\en_msgs.txt -cs \
  -h+dist/XC8_18F87K22/production\TurningIncluded.X.production.sym \
  --cmf=dist/XC8_18F87K22/production\TurningIncluded.X.production.cmf -z \
  -Q18F2480 -oC:\Users\Kjetil\AppData\Local\Temp\shc0.2 \
  -Mdist/XC8_18F87K22/production/TurningIncluded.X.production.map -E1 \
  -ver=XC8 -ASTACK=017Eh-01ffh -pstack=STACK -ACODE=00h-03FFFh \
  -ACONST=00h-03FFFh -ASMALLCONST=0300h-03FFhx61 -AMEDIUMCONST=0300h-03FFFh \
  -ACOMRAM=01h-05Fh -AABS1=00h-02FFh -ABIGRAM=01h-02FFh \
  -ARAM=060h-0FFh,0100h-01FFhx2 -ABANK0=060h-0FFh -ABANK1=0100h-01FFh \
  -ABANK2=0200h-02FFh -ASFR=0D00h-0DFFhx2,0F00h-0F5Fh,0F60h-0FFFh \
  -preset_vec=00h,intcode=08h,intcodelo=018h,powerup,init -pramtop=0300h \
  -psmallconst=SMALLCONST -pmediumconst=MEDIUMCONST -pconst=CONST \
  -AFARRAM=00h-00h -ACONFIG=0300000h-030000Dh -pconfig=CONFIG \
  -AIDLOC=0200000h-0200007h -pidloc=IDLOC -AEEDATA=0F00000h-0F000FFh \
  -peeprom_data=EEDATA \
  -prdata=COMRAM,nvrram=COMRAM,nvbit=COMRAM,rbss=COMRAM,rbit=COMRAM \
  -pfarbss=FARRAM,fardata=FARRAM,nvFARRAM=FARRAM \
  -pintsave_regs=BIGRAM,bigbss=BIGRAM,bigdata=BIGRAM -pbss=RAM \
  -pidata=CODE,irdata=CODE,ibigdata=CODE,ifardata=CODE -prparam=COMRAM \
  C:\Users\Kjetil\AppData\Local\Temp\shc0.obj \
  dist/XC8_18F87K22/production\TurningIncluded.X.production.obj 

Object code version is 3.11

Machine type is 18F2480

Call graph: (short form)




                Name                               Link     Load   Length Selector   Space Scale
C:\Users\Kjetil\AppData\Local\Temp\shc0.obj
                init                                 C6       C6        4        C       0
                reset_vec                             0        0        4        0       0
                idloc                            200000   200000        8   200000       0
                config                           300000   300000        E   300000       0
dist/XC8_18F87K22/production\TurningIncluded.X.production.obj
                intcodelo                            18       18       AE        C       0
                intcode                               8        8        6        4       0
                temp                                 38       38        1        1       1
                smallconst                          300      300       68      180       0
                intcode_body                       1842     1842       96      1B4       0
                text30                             1DF6     1DF6       1A      1B4       0
                text29                             1D62     1D62       2C      1B4       0
                text28                             1DD8     1DD8       1E      1B4       0
                text27                             16FA     16FA       AE      1B4       0
                text26                             1CFC     1CFC       38      1B4       0
                text25                              E00      E00      1AE      1B4       0
                text24                             11F2     11F2       F6      1B4       0
                text23                             10FA     10FA       F8      1B4       0
                text22                             1D8E     1D8E       26      1B4       0
                text21                             1BEC     1BEC       52      1B4       0
                text20                             1C80     1C80       42      1B4       0
                text19                              FAE      FAE      14C      1B4       0
                text18                             1B3E     1B3E       58      1B4       0
                text17                              368      368      574      1B4       0
                text16                             1E10     1E10        C      1B4       0
                text15                             1CC2     1CC2       3A      1B4       0
                text14                             1B96     1B96       56      1B4       0
                text13                              8DC      8DC      2BE      1B4       0
                text12                             17A8     17A8       9A      1B4       0
                text11                             1D34     1D34       2E      1B4       0
                text10                             12E8     12E8       E8      1B4       0
                text9                              1DB4     1DB4       24      1B4       0
                text8                              1C3E     1C3E       42      1B4       0
                text7                              14B2     14B2       D6      1B4       0
                text6                              19E6     19E6       7A      1B4       0
                text5                              18D8     18D8       90      1B4       0
                text4                              1A60     1A60       78      1B4       0
                text3                              13D0     13D0       E2      1B4       0
                text2                               B9A      B9A      266      1B4       0
                text1                              164A     164A       B0      1B4       0
                text0                              1588     1588       C2      1B4       0
                cstackCOMRAM                          1        1       35        1       1
                cstackBANK0                          60       60       5F       60       1
                bssBANK2                            200      200      100      200       1
                dataBANK1                           100      100       7E      100       1
                dataBANK0                            BF       BF        6       60       1
                bssCOMRAM                            36       36        2        1       1
                cinit                              1AD8     1AD8       66      1B4       0
                idataBANK1                         1968     1968       7E      1B4       0
                idataBANK0                         1E1C     1E1C        6      1B4       0

TOTAL           Name                               Link     Load   Length     Space
        CLASS   STACK          

        CLASS   CODE           
                intcodelo                            18       18       AE         0
                intcode                               8        8        6         0
                init                                 C6       C6        4         0
                reset_vec                             0        0        4         0
                intcode_body                       1842     1842       96         0
                text30                             1DF6     1DF6       1A         0
                text29                             1D62     1D62       2C         0
                text28                             1DD8     1DD8       1E         0
                text27                             16FA     16FA       AE         0
                text26                             1CFC     1CFC       38         0
                text25                              E00      E00      1AE         0
                text24                             11F2     11F2       F6         0
                text23                             10FA     10FA       F8         0
                text22                             1D8E     1D8E       26         0
                text21                             1BEC     1BEC       52         0
                text20                             1C80     1C80       42         0
                text19                              FAE      FAE      14C         0
                text18                             1B3E     1B3E       58         0
                text17                              368      368      574         0
                text16                             1E10     1E10        C         0
                text15                             1CC2     1CC2       3A         0
                text14                             1B96     1B96       56         0
                text13                              8DC      8DC      2BE         0
                text12                             17A8     17A8       9A         0
                text11                             1D34     1D34       2E         0
                text10                             12E8     12E8       E8         0
                text9                              1DB4     1DB4       24         0
                text8                              1C3E     1C3E       42         0
                text7                              14B2     14B2       D6         0
                text6                              19E6     19E6       7A         0
                text5                              18D8     18D8       90         0
                text4                              1A60     1A60       78         0
                text3                              13D0     13D0       E2         0
                text2                               B9A      B9A      266         0
                text1                              164A     164A       B0         0
                text0                              1588     1588       C2         0
                cinit                              1AD8     1AD8       66         0
                idataBANK1                         1968     1968       7E         0
                idataBANK0                         1E1C     1E1C        6         0

        CLASS   CONST          

        CLASS   SMALLCONST     
                smallconst                          300      300       68         0

        CLASS   MEDIUMCONST    

        CLASS   COMRAM         
                temp                                 38       38        1         1
                cstackCOMRAM                          1        1       35         1
                bssCOMRAM                            36       36        2         1

        CLASS   ABS1           

        CLASS   BIGRAM         

        CLASS   RAM            

        CLASS   BANK0          
                cstackBANK0                          60       60       5F         1
                dataBANK0                            BF       BF        6         1

        CLASS   BANK1          
                dataBANK1                           100      100       7E         1

        CLASS   BANK2          
                bssBANK2                            200      200      100         1

        CLASS   SFR            

        CLASS   FARRAM         

        CLASS   CONFIG         
                config                           300000   300000        E         0

        CLASS   IDLOC          
                idloc                            200000   200000        8         0

        CLASS   EEDATA         



SEGMENTS        Name                           Load    Length   Top    Selector   Space  Class

                reset_vec                      000000  000004  000004         0       0  CODE    
                cstackCOMRAM                   000001  000038  000039         1       1  COMRAM  
                intcode                        000008  000006  00000E         4       0  CODE    
                intcodelo                      000018  0000B2  0000CA         C       0  CODE    
                cstackBANK0                    000060  000065  0000C5        60       1  BANK0   
                dataBANK1                      000100  00007E  00017E       100       1  BANK1   
                bssBANK2                       000200  000100  000300       200       1  BANK2   
                smallconst                     000300  000068  000368       180       0  SMALLCON
                text17                         000368  001ABA  001E22       1B4       0  CODE    
                idloc                          200000  000008  200008    200000       0  IDLOC   
                config                         300000  00000E  30000E    300000       0  CONFIG  


UNUSED ADDRESS RANGES

        Name                Unused          Largest block    Delta
        BANK0            0000C5-0000FF               3B
        BANK1            00017E-0001FF               82
        BIGRAM           000039-00005F               27
                         0000C5-0000FF               3B
                         00017E-0001FF               82
        CODE             000004-000007                4
                         00000E-000017                A
                         0000CA-0002FF              236
                         001E22-003FFF             21DE
        COMRAM           000039-00005F               27
        CONST            000004-000007                4
                         00000E-000017                A
                         0000CA-0002FF              236
                         001E22-003FFF             21DE
        EEDATA           F00000-F000FF              100
        MEDIUMCONST      001E22-003FFF             21DE
        RAM              0000C5-0000FF               3B
                         00017E-0001FF               82
        SFR              000D00-000FFF              100
        SMALLCONST       001E22-003FFF              100
        STACK            00017E-0001FF               82

                                  Symbol Table

?___altoft                                    cstackBANK0  00008A
?___awtoft                                    cstackCOMRAM 000030
?___ftadd                                     cstackBANK0  00006F
?___ftdiv                                     cstackBANK0  000085
?___ftmul                                     cstackBANK0  000060
?___ftneg                                     cstackCOMRAM 000028
?___ftpack                                    cstackCOMRAM 000028
?___ftsub                                     cstackBANK0  00009A
?___fttol                                     cstackBANK0  00007B
?___lwdiv                                     cstackCOMRAM 000028
?___lwmod                                     cstackCOMRAM 00002F
?___wmul                                      cstackCOMRAM 000028
?_cos                                         cstackBANK0  0000AD
?_eval_poly                                   cstackBANK0  00007B
?_floor                                       cstackBANK0  000092
?_sin                                         cstackBANK0  0000A0
?_sprintf                                     cstackBANK0  000060
?_strlen                                      cstackCOMRAM 000028
FillServoPositionString@deltaHorizontal       cstackBANK0  00009B
FillServoPositionString@deltaVertical         cstackBANK0  00009F
FillServoPositionString@forward               cstackBANK0  00008A
FillServoPositionString@i                     cstackBANK0  0000B0
FillServoPositionString@left                  cstackBANK0  00008D
FillServoPositionString@newHorizontalPosition cstackBANK0  00009D
FillServoPositionString@newVerticalPosition   cstackBANK0  0000A1
FillServoPositionString@tmp                   cstackBANK0  0000A7
InitServos@i                                  cstackBANK0  000072
InitServos@tmp                                cstackBANK0  00006D
RotatePositions@i                             cstackCOMRAM 000030
UART_Write@data                               cstackCOMRAM 000028
UART_Write_String@a                           cstackCOMRAM 000035
UART_Write_String@arrayLength                 cstackCOMRAM 000031
UART_Write_String@i                           cstackCOMRAM 000033
UART_Write_String@str                         cstackCOMRAM 00002E
_BAUDCONbits                                  (abs)        000FB8
_ConfigureOscillator                          text30       001DF6
_EmptyMovementString                          text28       001DD8
_FillServoPositionString                      text17       000368
_FillServoPositionString$1138                 cstackBANK0  0000AC
_FillServoPositionString$1139                 cstackBANK0  0000AE
_FillServoPositionString$1140                 cstackBANK0  000092
_FillServoPositionString$1141                 cstackBANK0  000095
_FillServoPositionString$1142                 cstackBANK0  0000A3
_FillServoPositionString$1143                 cstackBANK0  0000A5
_FillServoPositionString$1144                 cstackBANK0  000098
_InitServos                                   text13       0008DC
_OSCCONbits                                   (abs)        000FD3
_OSCTUNEbits                                  (abs)        000F9B
_RCSTAbits                                    (abs)        000FAB
_RotatePositions                              text12       0017A8
_SPBRG                                        (abs)        000FAF
_SPBRGH                                       (abs)        000FB0
_TRISCbits                                    (abs)        000F94
_TRMT                                         (abs)        007D61
_TXREG                                        (abs)        000FAD
_TXSTAbits                                    (abs)        000FAC
_UART_Init                                    text11       001D34
_UART_Write                                   text16       001E10
_UART_Write_String                            text14       001B96
__CFG_BBSIZ$1024                              (abs)        000000
__CFG_BOREN$BOHW                              (abs)        000000
__CFG_BORV$3                                  (abs)        000000
__CFG_CP0$OFF                                 (abs)        000000
__CFG_CP1$OFF                                 (abs)        000000
__CFG_CPB$OFF                                 (abs)        000000
__CFG_CPD$OFF                                 (abs)        000000
__CFG_EBTR0$OFF                               (abs)        000000
__CFG_EBTR1$OFF                               (abs)        000000
__CFG_EBTRB$OFF                               (abs)        000000
__CFG_FCMEN$OFF                               (abs)        000000
__CFG_IESO$ON                                 (abs)        000000
__CFG_LPT1OSC$OFF                             (abs)        000000
__CFG_LVP$OFF                                 (abs)        000000
__CFG_MCLRE$ON                                (abs)        000000
__CFG_OSC$IRCIO7                              (abs)        000000
__CFG_PBADEN$ON                               (abs)        000000
__CFG_PWRT$OFF                                (abs)        000000
__CFG_STVREN$ON                               (abs)        000000
__CFG_WDT$OFF                                 (abs)        000000
__CFG_WDTPS$32768                             (abs)        000000
__CFG_WRT0$OFF                                (abs)        000000
__CFG_WRT1$OFF                                (abs)        000000
__CFG_WRTB$OFF                                (abs)        000000
__CFG_WRTC$OFF                                (abs)        000000
__CFG_WRTD$OFF                                (abs)        000000
__CFG_XINST$OFF                               (abs)        000000
__HRAM                                        (abs)        000000
__Habs1                                       abs1         000000
__Hbank0                                      bank0        000000
__Hbank1                                      bank1        000000
__Hbank2                                      bank2        000000
__Hbigbss                                     bigbss       000000
__Hbigdata                                    bigdata      000000
__Hbigram                                     bigram       000000
__Hbss                                        bss          000000
__HbssBANK2                                   bssBANK2     000000
__HbssCOMRAM                                  bssCOMRAM    000000
__Hcinit                                      cinit        000000
__Hclrtext                                    clrtext      000000
__Hcomram                                     comram       000000
__Hconfig                                     config       30000E
__Hconst                                      const        000000
__HcstackBANK0                                cstackBANK0  000000
__HcstackCOMRAM                               cstackCOMRAM 000000
__Hdata                                       data         000000
__HdataBANK0                                  dataBANK0    000000
__HdataBANK1                                  dataBANK1    000000
__Heeprom_data                                eeprom_data  000000
__Hfarbss                                     farbss       000000
__Hfardata                                    fardata      000000
__Hibigdata                                   ibigdata     000000
__Hidata                                      idata        000000
__HidataBANK0                                 idataBANK0   000000
__HidataBANK1                                 idataBANK1   000000
__Hidloc                                      idloc        200008
__Hifardata                                   ifardata     000000
__Hinit                                       init         0000CA
__Hintcode                                    intcode      00000E
__Hintcode_body                               intcode_body 000000
__Hintcodelo                                  intcodelo    0000C6
__Hintentry                                   intentry     000000
__Hintret                                     intret       000000
__Hintsave_regs                               intsave_regs 000000
__Hirdata                                     irdata       000000
__Hmediumconst                                mediumconst  000000
__HnvFARRAM                                   nvFARRAM     000000
__Hnvbit                                      nvbit        000000
__Hnvrram                                     nvrram       000000
__Hparam                                      rparam       000000
__Hpowerup                                    powerup      0000C6
__Hram                                        ram          000000
__Hramtop                                     ramtop       000300
__Hrbit                                       rbit         000000
__Hrbss                                       rbss         000000
__Hrdata                                      rdata        000000
__Hreset_vec                                  reset_vec    000004
__Hrparam                                     rparam       000000
__Hsfr                                        sfr          000000
__Hsmallconst                                 smallconst   000368
__Hspace_0                                    (abs)        30000E
__Hspace_1                                    (abs)        000300
__Hspace_2                                    (abs)        000000
__Hstack                                      stack        000000
__Hstruct                                     struct       000000
__Htemp                                       temp         000039
__Htext                                       text         000000
__Htext0                                      text0        000000
__Htext1                                      text1        000000
__Htext10                                     text10       000000
__Htext11                                     text11       000000
__Htext12                                     text12       000000
__Htext13                                     text13       000000
__Htext14                                     text14       000000
__Htext15                                     text15       000000
__Htext16                                     text16       000000
__Htext17                                     text17       000000
__Htext18                                     text18       000000
__Htext19                                     text19       000000
__Htext2                                      text2        000000
__Htext20                                     text20       000000
__Htext21                                     text21       000000
__Htext22                                     text22       000000
__Htext23                                     text23       000000
__Htext24                                     text24       000000
__Htext25                                     text25       000000
__Htext26                                     text26       000000
__Htext27                                     text27       000000
__Htext28                                     text28       000000
__Htext29                                     text29       000000
__Htext3                                      text3        000000
__Htext30                                     text30       000000
__Htext4                                      text4        000000
__Htext5                                      text5        000000
__Htext6                                      text6        000000
__Htext7                                      text7        000000
__Htext8                                      text8        000000
__Htext9                                      text9        000000
__LRAM                                        (abs)        000001
__Labs1                                       abs1         000000
__Lbank0                                      bank0        000000
__Lbank1                                      bank1        000000
__Lbank2                                      bank2        000000
__Lbigbss                                     bigbss       000000
__Lbigdata                                    bigdata      000000
__Lbigram                                     bigram       000000
__Lbss                                        bss          000000
__LbssBANK2                                   bssBANK2     000000
__LbssCOMRAM                                  bssCOMRAM    000000
__Lcinit                                      cinit        000000
__Lclrtext                                    clrtext      000000
__Lcomram                                     comram       000000
__Lconfig                                     config       300000
__Lconst                                      const        000000
__LcstackBANK0                                cstackBANK0  000000
__LcstackCOMRAM                               cstackCOMRAM 000000
__Ldata                                       data         000000
__LdataBANK0                                  dataBANK0    000000
__LdataBANK1                                  dataBANK1    000000
__Leeprom_data                                eeprom_data  000000
__Lfarbss                                     farbss       000000
__Lfardata                                    fardata      000000
__Libigdata                                   ibigdata     000000
__Lidata                                      idata        000000
__LidataBANK0                                 idataBANK0   000000
__LidataBANK1                                 idataBANK1   000000
__Lidloc                                      idloc        200000
__Lifardata                                   ifardata     000000
__Linit                                       init         0000C6
__Lintcode                                    intcode      000008
__Lintcode_body                               intcode_body 000000
__Lintcodelo                                  intcodelo    000018
__Lintentry                                   intentry     000000
__Lintret                                     intret       000000
__Lintsave_regs                               intsave_regs 000000
__Lirdata                                     irdata       000000
__Lmediumconst                                mediumconst  000000
__LnvFARRAM                                   nvFARRAM     000000
__Lnvbit                                      nvbit        000000
__Lnvrram                                     nvrram       000000
__Lparam                                      rparam       000000
__Lpowerup                                    powerup      0000C6
__Lram                                        ram          000000
__Lramtop                                     ramtop       000300
__Lrbit                                       rbit         000000
__Lrbss                                       rbss         000000
__Lrdata                                      rdata        000000
__Lreset_vec                                  reset_vec    000000
__Lrparam                                     rparam       000000
__Lsfr                                        sfr          000000
__Lsmallconst                                 smallconst   000300
__Lspace_0                                    (abs)        000000
__Lspace_1                                    (abs)        000000
__Lspace_2                                    (abs)        000000
__Lstack                                      stack        000000
__Lstruct                                     struct       000000
__Ltemp                                       temp         000038
__Ltext                                       text         000000
__Ltext0                                      text0        000000
__Ltext1                                      text1        000000
__Ltext10                                     text10       000000
__Ltext11                                     text11       000000
__Ltext12                                     text12       000000
__Ltext13                                     text13       000000
__Ltext14                                     text14       000000
__Ltext15                                     text15       000000
__Ltext16                                     text16       000000
__Ltext17                                     text17       000000
__Ltext18                                     text18       000000
__Ltext19                                     text19       000000
__Ltext2                                      text2        000000
__Ltext20                                     text20       000000
__Ltext21                                     text21       000000
__Ltext22                                     text22       000000
__Ltext23                                     text23       000000
__Ltext24                                     text24       000000
__Ltext25                                     text25       000000
__Ltext26                                     text26       000000
__Ltext27                                     text27       000000
__Ltext28                                     text28       000000
__Ltext29                                     text29       000000
__Ltext3                                      text3        000000
__Ltext30                                     text30       000000
__Ltext4                                      text4        000000
__Ltext5                                      text5        000000
__Ltext6                                      text6        000000
__Ltext7                                      text7        000000
__Ltext8                                      text8        000000
__Ltext9                                      text9        000000
__S0                                          (abs)        30000E
__S1                                          (abs)        000300
__S2                                          (abs)        000000
___altoft                                     text6        0019E6
___altoft@c                                   cstackBANK0  00008A
___altoft@exp                                 cstackCOMRAM 000034
___altoft@sign                                cstackCOMRAM 000035
___awtoft                                     text26       001CFC
___awtoft@c                                   cstackCOMRAM 000030
___awtoft@sign                                cstackCOMRAM 000033
___ftadd                                      text25       000E00
___ftadd@exp1                                 cstackBANK0  00007A
___ftadd@exp2                                 cstackBANK0  000079
___ftadd@f1                                   cstackBANK0  00006F
___ftadd@f2                                   cstackBANK0  000072
___ftadd@sign                                 cstackBANK0  000078
___ftdiv                                      text10       0012E8
___ftdiv@cntr                                 cstackBANK0  00008E
___ftdiv@exp                                  cstackBANK0  000092
___ftdiv@f1                                   cstackBANK0  000085
___ftdiv@f2                                   cstackBANK0  000088
___ftdiv@f3                                   cstackBANK0  00008F
___ftdiv@sign                                 cstackBANK0  000093
___ftge                                       text5        0018D8
___ftge@ff1                                   cstackCOMRAM 000028
___ftge@ff2                                   cstackCOMRAM 00002B
___ftmul                                      text24       0011F2
___ftmul@cntr                                 cstackBANK0  00006D
___ftmul@exp                                  cstackBANK0  000069
___ftmul@f1                                   cstackBANK0  000060
___ftmul@f2                                   cstackBANK0  000063
___ftmul@f3_as_product                        cstackBANK0  00006A
___ftmul@sign                                 cstackBANK0  00006E
___ftneg                                      text9        001DB4
___ftneg@f1                                   cstackCOMRAM 000028
___ftpack                                     text27       0016FA
___ftpack@arg                                 cstackCOMRAM 000028
___ftpack@exp                                 cstackCOMRAM 00002B
___ftpack@sign                                cstackCOMRAM 00002C
___ftsub                                      text8        001C3E
___ftsub@f1                                   cstackBANK0  00009A
___ftsub@f2                                   cstackBANK0  00009D
___fttol                                      text23       0010FA
___fttol@exp1                                 cstackBANK0  000089
___fttol@f1                                   cstackBANK0  00007B
___fttol@lval                                 cstackBANK0  000085
___fttol@sign1                                cstackBANK0  000084
___inthi_sp                                   stack        000000
___intlo_sp                                   stack        000000
___lwdiv                                      text21       001BEC
___lwdiv@counter                              cstackCOMRAM 00002E
___lwdiv@dividend                             cstackCOMRAM 000028
___lwdiv@divisor                              cstackCOMRAM 00002A
___lwdiv@quotient                             cstackCOMRAM 00002C
___lwmod                                      text20       001C80
___lwmod@counter                              cstackCOMRAM 000033
___lwmod@dividend                             cstackCOMRAM 00002F
___lwmod@divisor                              cstackCOMRAM 000031
___param_bank                                 (abs)        000000
___rparam_used                                (abs)        000001
___sp                                         stack        000000
___wmul                                       text22       001D8E
___wmul@multiplicand                          cstackCOMRAM 00002A
___wmul@multiplier                            cstackCOMRAM 000028
___wmul@product                               cstackCOMRAM 00002C
__accesstop                                   (abs)        000060
__activetblptr                                (abs)        000002
__end_of_ConfigureOscillator                  text30       001E10
__end_of_EmptyMovementString                  text28       001DF6
__end_of_FillServoPositionString              text17       0008DC
__end_of_InitServos                           text13       000B9A
__end_of_RotatePositions                      text12       001842
__end_of_UART_Init                            text11       001D62
__end_of_UART_Write                           text16       001E1C
__end_of_UART_Write_String                    text14       001BEC
__end_of___altoft                             text6        001A60
__end_of___awtoft                             text26       001D34
__end_of___ftadd                              text25       000FAE
__end_of___ftdiv                              text10       0013D0
__end_of___ftge                               text5        001968
__end_of___ftmul                              text24       0012E8
__end_of___ftneg                              text9        001DD8
__end_of___ftpack                             text27       0017A8
__end_of___ftsub                              text8        001C80
__end_of___fttol                              text23       0011F2
__end_of___lwdiv                              text21       001C3E
__end_of___lwmod                              text20       001CC2
__end_of___wmul                               text22       001DB4
__end_of__initialization                      cinit        001B30
__end_of_cos                                  text1        0016FA
__end_of_dpowers                              smallconst   00033F
__end_of_eval_poly                            text7        001588
__end_of_floor                                text3        0014B2
__end_of_frexp                                text4        001AD8
__end_of_high_isr                             intcode_body 0018D8
__end_of_low_isr                              intcodelo    0000C6
__end_of_main                                 text0        00164A
__end_of_memset                               text29       001D8E
__end_of_positions                            smallconst   000335
__end_of_sin                                  text2        000E00
__end_of_sprintf                              text19       0010FA
__end_of_strcat                               text18       001B96
__end_of_strlen                               text15       001CFC
__end_of_turns                                smallconst   000325
__end_ofsin@coeff_a                           smallconst   00034E
__end_ofsin@coeff_b                           smallconst   00035A
__initialization                              cinit        001AD8
__mediumconst                                 mediumconst  000000
__pbssBANK2                                   bssBANK2     000200
__pbssCOMRAM                                  bssCOMRAM    000036
__pcinit                                      cinit        001AD8
__pcstackBANK0                                cstackBANK0  000060
__pcstackCOMRAM                               cstackCOMRAM 000001
__pdataBANK0                                  dataBANK0    0000BF
__pdataBANK1                                  dataBANK1    000100
__pidataBANK0                                 idataBANK0   001E1C
__pidataBANK1                                 idataBANK1   001968
__pintcode                                    intcode      000008
__pintcode_body                               intcode_body 001842
__pintcodelo                                  intcodelo    000018
__psmallconst                                 smallconst   000300
__ptext0                                      text0        001588
__ptext1                                      text1        00164A
__ptext10                                     text10       0012E8
__ptext11                                     text11       001D34
__ptext12                                     text12       0017A8
__ptext13                                     text13       0008DC
__ptext14                                     text14       001B96
__ptext15                                     text15       001CC2
__ptext16                                     text16       001E10
__ptext17                                     text17       000368
__ptext18                                     text18       001B3E
__ptext19                                     text19       000FAE
__ptext2                                      text2        000B9A
__ptext20                                     text20       001C80
__ptext21                                     text21       001BEC
__ptext22                                     text22       001D8E
__ptext23                                     text23       0010FA
__ptext24                                     text24       0011F2
__ptext25                                     text25       000E00
__ptext26                                     text26       001CFC
__ptext27                                     text27       0016FA
__ptext28                                     text28       001DD8
__ptext29                                     text29       001D62
__ptext3                                      text3        0013D0
__ptext30                                     text30       001DF6
__ptext4                                      text4        001A60
__ptext5                                      text5        0018D8
__ptext6                                      text6        0019E6
__ptext7                                      text7        0014B2
__ptext8                                      text8        001C3E
__ptext9                                      text9        001DB4
__ramtop                                      ramtop       000300
__size_of_ConfigureOscillator                 (abs)        000000
__size_of_EmptyMovementString                 (abs)        000000
__size_of_FillServoPositionString             (abs)        000000
__size_of_InitServos                          (abs)        000000
__size_of_RotatePositions                     (abs)        000000
__size_of_UART_Init                           (abs)        000000
__size_of_UART_Write                          (abs)        000000
__size_of_UART_Write_String                   (abs)        000000
__size_of___altoft                            (abs)        000000
__size_of___awtoft                            (abs)        000000
__size_of___ftadd                             (abs)        000000
__size_of___ftdiv                             (abs)        000000
__size_of___ftge                              (abs)        000000
__size_of___ftmul                             (abs)        000000
__size_of___ftneg                             (abs)        000000
__size_of___ftpack                            (abs)        000000
__size_of___ftsub                             (abs)        000000
__size_of___fttol                             (abs)        000000
__size_of___lwdiv                             (abs)        000000
__size_of___lwmod                             (abs)        000000
__size_of___wmul                              (abs)        000000
__size_of_cos                                 (abs)        000000
__size_of_eval_poly                           (abs)        000000
__size_of_floor                               (abs)        000000
__size_of_frexp                               (abs)        000000
__size_of_high_isr                            (abs)        000000
__size_of_low_isr                             (abs)        000000
__size_of_main                                (abs)        000000
__size_of_memset                              (abs)        000000
__size_of_sin                                 (abs)        000000
__size_of_sprintf                             (abs)        000000
__size_of_strcat                              (abs)        000000
__size_of_strlen                              (abs)        000000
__smallconst                                  smallconst   000300
_cos                                          text1        00164A
_cos$1145                                     cstackBANK0  0000B0
_dpowers                                      smallconst   000335
_errno                                        bssCOMRAM    000036
_eval_poly                                    text7        0014B2
_floor                                        text3        0013D0
_forwardSpeed                                 dataBANK0    0000C2
_frexp                                        text4        001A60
_high_isr                                     intcode      000008
_low_isr                                      intcodelo    000018
_main                                         text0        001588
_main$1136                                    cstackBANK0  0000B9
_main$1137                                    cstackBANK0  0000BC
_memset                                       text29       001D62
_movementString                               bssBANK2     000200
_positions                                    smallconst   000325
_rotation                                     dataBANK0    0000BF
_servosets                                    dataBANK1    000100
_sin                                          text2        000B9A
_sin$1146                                     cstackBANK0  0000A6
_sprintf                                      text19       000FAE
_strcat                                       text18       001B3E
_strlen                                       text15       001CC2
_turns                                        smallconst   000301
btemp                                         temp         000038
cos@f                                         cstackBANK0  0000AD
end_of_initialization                         cinit        001B30
eval_poly@d                                   cstackBANK0  00007E
eval_poly@n                                   cstackBANK0  000080
eval_poly@res                                 cstackBANK0  000082
eval_poly@x                                   cstackBANK0  00007B
floor@expon                                   cstackBANK0  000098
floor@i                                       cstackBANK0  000095
floor@x                                       cstackBANK0  000092
frexp@eptr                                    cstackCOMRAM 00002B
frexp@value                                   cstackCOMRAM 000028
int$flags                                     temp         000038
int_func                                      intcode_body 001842
intlevel0                                     text         000000
intlevel1                                     text         000000
intlevel2                                     text         000000
intlevel3                                     text         000000
main@forward                                  cstackBANK0  0000B3
main@left                                     cstackBANK0  0000B6
memset@c                                      cstackCOMRAM 00002A
memset@n                                      cstackCOMRAM 00002C
memset@p                                      cstackCOMRAM 00002E
memset@p1                                     cstackCOMRAM 000028
sin@coeff_a                                   smallconst   00033F
sin@coeff_b                                   smallconst   00034E
sin@f                                         cstackBANK0  0000A0
sin@sgn                                       cstackBANK0  0000AC
sin@x2                                        cstackBANK0  0000A9
sin@y                                         cstackBANK0  0000A3
sprintf@ap                                    cstackBANK0  000066
sprintf@c                                     cstackBANK0  00006C
sprintf@f                                     cstackBANK0  000062
sprintf@flag                                  cstackBANK0  000068
sprintf@prec                                  cstackBANK0  000069
sprintf@sp                                    cstackBANK0  000060
sprintf@val                                   cstackBANK0  00006A
stackhi                                       (abs)        0001FF
stacklo                                       (abs)        00017E
start                                         init         0000C6
start_initialization                          cinit        001AD8
strcat@cp                                     cstackCOMRAM 000032
strcat@from                                   cstackCOMRAM 000030
strcat@to                                     cstackCOMRAM 00002E
strlen@cp                                     cstackCOMRAM 00002C
strlen@s                                      cstackCOMRAM 000028
wtemp6                                        temp         000039


FUNCTION INFORMATION:

 *************** function _main *****************
 Defined at:
		line 154 in file "main.c"
 Parameters:    Size  Location     Type
		None
 Auto vars:     Size  Location     Type
  left            3   86[BANK0 ] float 
  forward         3   83[BANK0 ] float 
 Return value:  Size  Location     Type
                  1    wreg      void 
 Registers used:
		wreg, fsr1l, fsr1h, fsr2l, fsr2h, status,2, status,0, tblptrl, tblptrh, tblptru, prodl, prodh, cstack
 Tracked objects:
		On entry : 
		On exit  : 
		Unchanged: 
 Data sizes:     COMRAM   BANK0   BANK1   BANK2
      Params:         0       0       0       0
      Locals:         0      12       0       0
      Temps:          0       0       0       0
      Totals:         0      12       0       0
Total ram usage:       12 bytes
 Hardware stack levels required when called:    7
 This function calls:
		_ConfigureOscillator
		_FillServoPositionString
		_InitServos
		_RotatePositions
		_UART_Init
		_UART_Write_String
		___ftmul
		_cos
		_sin
 This function is called by:
		Startup code after reset
 This function uses a non-reentrant model


 *************** function _cos *****************
 Defined at:
		line 13 in file "C:\Program Files (x86)\Microchip\xc8\v1.44\sources\common\cos.c"
 Parameters:    Size  Location     Type
  f               3   77[BANK0 ] void 
 Auto vars:     Size  Location     Type
		None
 Return value:  Size  Location     Type
                  3   77[BANK0 ] void 
 Registers used:
		wreg, fsr2l, fsr2h, status,2, status,0, tblptrl, tblptrh, tblptru, prodl, prodh, cstack
 Tracked objects:
		On entry : 
		On exit  : 
		Unchanged: 
 Data sizes:     COMRAM   BANK0   BANK1   BANK2
      Params:         0       3       0       0
      Locals:         0       3       0       0
      Temps:          0       0       0       0
      Totals:         0       6       0       0
Total ram usage:        6 bytes
 Hardware stack levels used:    1
 Hardware stack levels required when called:    6
 This function calls:
		___ftadd
		___ftge
		_sin
 This function is called by:
		_main
 This function uses a non-reentrant model


 *************** function _sin *****************
 Defined at:
		line 13 in file "C:\Program Files (x86)\Microchip\xc8\v1.44\sources\common\sin.c"
 Parameters:    Size  Location     Type
  f               3   64[BANK0 ] void 
 Auto vars:     Size  Location     Type
  x2              3   73[BANK0 ] void 
  y               3   67[BANK0 ] void 
  sgn             1   76[BANK0 ] unsigned char 
 Return value:  Size  Location     Type
                  3   64[BANK0 ] unsigned char 
 Registers used:
		wreg, fsr2l, fsr2h, status,2, status,0, tblptrl, tblptrh, tblptru, prodl, prodh, cstack
 Tracked objects:
		On entry : 
		On exit  : 
		Unchanged: 
 Data sizes:     COMRAM   BANK0   BANK1   BANK2
      Params:         0       3       0       0
      Locals:         0      10       0       0
      Temps:          0       0       0       0
      Totals:         0      13       0       0
Total ram usage:       13 bytes
 Hardware stack levels used:    1
 Hardware stack levels required when called:    5
 This function calls:
		___ftadd
		___ftdiv
		___ftge
		___ftmul
		___ftneg
		___ftsub
		_eval_poly
		_floor
 This function is called by:
		_main
		_cos
 This function uses a non-reentrant model


 *************** function _floor *****************
 Defined at:
		line 13 in file "C:\Program Files (x86)\Microchip\xc8\v1.44\sources\common\floor.c"
 Parameters:    Size  Location     Type
  x               3   50[BANK0 ] unsigned char 
 Auto vars:     Size  Location     Type
  i               3   53[BANK0 ] unsigned char 
  expon           2   56[BANK0 ] int 
 Return value:  Size  Location     Type
                  3   50[BANK0 ] int 
 Registers used:
		wreg, fsr2l, fsr2h, status,2, status,0, cstack
 Tracked objects:
		On entry : 
		On exit  : 
		Unchanged: 
 Data sizes:     COMRAM   BANK0   BANK1   BANK2
      Params:         0       3       0       0
      Locals:         0       5       0       0
      Temps:          0       0       0       0
      Totals:         0       8       0       0
Total ram usage:        8 bytes
 Hardware stack levels used:    1
 Hardware stack levels required when called:    4
 This function calls:
		___altoft
		___ftadd
		___ftge
		___fttol
		_frexp
 This function is called by:
		_sin
 This function uses a non-reentrant model


 *************** function _frexp *****************
 Defined at:
		line 254 in file "C:\Program Files (x86)\Microchip\xc8\v1.44\sources\common\frexp.c"
 Parameters:    Size  Location     Type
  value           3   39[COMRAM] int 
  eptr            2   42[COMRAM] PTR int 
		 -> floor@expon(2), 
 Auto vars:     Size  Location     Type
		None
 Return value:  Size  Location     Type
                  3   39[COMRAM] PTR int 
 Registers used:
		wreg, fsr2l, fsr2h, status,2, status,0
 Tracked objects:
		On entry : 
		On exit  : 
		Unchanged: 
 Data sizes:     COMRAM   BANK0   BANK1   BANK2
      Params:         5       0       0       0
      Locals:         0       0       0       0
      Temps:          2       0       0       0
      Totals:         7       0       0       0
Total ram usage:        7 bytes
 Hardware stack levels used:    1
 Hardware stack levels required when called:    2
 This function calls:
		Nothing
 This function is called by:
		_floor
 This function uses a non-reentrant model


 *************** function ___ftge *****************
 Defined at:
		line 4 in file "C:\Program Files (x86)\Microchip\xc8\v1.44\sources\common\ftge.c"
 Parameters:    Size  Location     Type
  ff1             3   39[COMRAM] float 
  ff2             3   42[COMRAM] float 
 Auto vars:     Size  Location     Type
		None
 Return value:  Size  Location     Type
		None               void
 Registers used:
		wreg, status,2, status,0
 Tracked objects:
		On entry : 
		On exit  : 
		Unchanged: 
 Data sizes:     COMRAM   BANK0   BANK1   BANK2
      Params:         6       0       0       0
      Locals:         0       0       0       0
      Temps:          3       0       0       0
      Totals:         9       0       0       0
Total ram usage:        9 bytes
 Hardware stack levels used:    1
 Hardware stack levels required when called:    2
 This function calls:
		Nothing
 This function is called by:
		_cos
		_sin
		_floor
 This function uses a non-reentrant model


 *************** function ___altoft *****************
 Defined at:
		line 42 in file "C:\Program Files (x86)\Microchip\xc8\v1.44\sources\common\altoft.c"
 Parameters:    Size  Location     Type
  c               4   42[BANK0 ] long 
 Auto vars:     Size  Location     Type
  sign            1   52[COMRAM] unsigned char 
  exp             1   51[COMRAM] unsigned char 
 Return value:  Size  Location     Type
                  3   42[BANK0 ] float 
 Registers used:
		wreg, status,2, status,0, cstack
 Tracked objects:
		On entry : 
		On exit  : 
		Unchanged: 
 Data sizes:     COMRAM   BANK0   BANK1   BANK2
      Params:         0       4       0       0
      Locals:         2       0       0       0
      Temps:          0       4       0       0
      Totals:         2       8       0       0
Total ram usage:       10 bytes
 Hardware stack levels used:    1
 Hardware stack levels required when called:    3
 This function calls:
		___ftpack
 This function is called by:
		_floor
 This function uses a non-reentrant model


 *************** function _eval_poly *****************
 Defined at:
		line 4 in file "C:\Program Files (x86)\Microchip\xc8\v1.44\sources\common\evalpoly.c"
 Parameters:    Size  Location     Type
  x               3   27[BANK0 ] float 
  d               2   30[BANK0 ] PTR const 
		 -> sin@coeff_a(15), sin@coeff_b(12), 
  n               2   32[BANK0 ] int 
 Auto vars:     Size  Location     Type
  res             3   34[BANK0 ] int 
 Return value:  Size  Location     Type
                  3   27[BANK0 ] int 
 Registers used:
		wreg, status,2, status,0, tblptrl, tblptrh, tblptru, prodl, prodh, cstack
 Tracked objects:
		On entry : 
		On exit  : 
		Unchanged: 
 Data sizes:     COMRAM   BANK0   BANK1   BANK2
      Params:         0       7       0       0
      Locals:         0       3       0       0
      Temps:          2       0       0       0
      Totals:         2      10       0       0
Total ram usage:       12 bytes
 Hardware stack levels used:    1
 Hardware stack levels required when called:    4
 This function calls:
		___ftadd
		___ftmul
		___wmul
 This function is called by:
		_sin
 This function uses a non-reentrant model


 *************** function ___ftsub *****************
 Defined at:
		line 20 in file "C:\Program Files (x86)\Microchip\xc8\v1.44\sources\common\ftsub.c"
 Parameters:    Size  Location     Type
  f1              3   58[BANK0 ] float 
  f2              3   61[BANK0 ] float 
 Auto vars:     Size  Location     Type
		None
 Return value:  Size  Location     Type
                  3   58[BANK0 ] float 
 Registers used:
		wreg, status,2, status,0, cstack
 Tracked objects:
		On entry : 
		On exit  : 
		Unchanged: 
 Data sizes:     COMRAM   BANK0   BANK1   BANK2
      Params:         0       6       0       0
      Locals:         0       0       0       0
      Temps:          0       0       0       0
      Totals:         0       6       0       0
Total ram usage:        6 bytes
 Hardware stack levels used:    1
 Hardware stack levels required when called:    4
 This function calls:
		___ftadd
 This function is called by:
		_sin
 This function uses a non-reentrant model


 *************** function ___ftneg *****************
 Defined at:
		line 15 in file "C:\Program Files (x86)\Microchip\xc8\v1.44\sources\common\ftneg.c"
 Parameters:    Size  Location     Type
  f1              3   39[COMRAM] float 
 Auto vars:     Size  Location     Type
		None
 Return value:  Size  Location     Type
                  3   39[COMRAM] float 
 Registers used:
		wreg, status,2, status,0
 Tracked objects:
		On entry : 
		On exit  : 
		Unchanged: 
 Data sizes:     COMRAM   BANK0   BANK1   BANK2
      Params:         3       0       0       0
      Locals:         0       0       0       0
      Temps:          0       0       0       0
      Totals:         3       0       0       0
Total ram usage:        3 bytes
 Hardware stack levels used:    1
 Hardware stack levels required when called:    2
 This function calls:
		Nothing
 This function is called by:
		_sin
 This function uses a non-reentrant model


 *************** function ___ftdiv *****************
 Defined at:
		line 54 in file "C:\Program Files (x86)\Microchip\xc8\v1.44\sources\common\ftdiv.c"
 Parameters:    Size  Location     Type
  f1              3   37[BANK0 ] float 
  f2              3   40[BANK0 ] float 
 Auto vars:     Size  Location     Type
  f3              3   47[BANK0 ] float 
  sign            1   51[BANK0 ] unsigned char 
  exp             1   50[BANK0 ] unsigned char 
  cntr            1   46[BANK0 ] unsigned char 
 Return value:  Size  Location     Type
                  3   37[BANK0 ] float 
 Registers used:
		wreg, status,2, status,0, cstack
 Tracked objects:
		On entry : 
		On exit  : 
		Unchanged: 
 Data sizes:     COMRAM   BANK0   BANK1   BANK2
      Params:         0       6       0       0
      Locals:         0       6       0       0
      Temps:          0       3       0       0
      Totals:         0      15       0       0
Total ram usage:       15 bytes
 Hardware stack levels used:    1
 Hardware stack levels required when called:    3
 This function calls:
		___ftpack
 This function is called by:
		_sin
 This function uses a non-reentrant model


 *************** function _UART_Init *****************
 Defined at:
		line 192 in file "main.c"
 Parameters:    Size  Location     Type
		None
 Auto vars:     Size  Location     Type
		None
 Return value:  Size  Location     Type
                  1    wreg      unsigned char 
 Registers used:
		wreg, status,2
 Tracked objects:
		On entry : 
		On exit  : 
		Unchanged: 
 Data sizes:     COMRAM   BANK0   BANK1   BANK2
      Params:         0       0       0       0
      Locals:         0       0       0       0
      Temps:          2       0       0       0
      Totals:         2       0       0       0
Total ram usage:        2 bytes
 Hardware stack levels used:    1
 Hardware stack levels required when called:    2
 This function calls:
		Nothing
 This function is called by:
		_main
 This function uses a non-reentrant model


 *************** function _RotatePositions *****************
 Defined at:
		line 292 in file "main.c"
 Parameters:    Size  Location     Type
		None
 Auto vars:     Size  Location     Type
  i               2   47[COMRAM] unsigned int 
 Return value:  Size  Location     Type
                  1    wreg      void 
 Registers used:
		wreg, fsr2l, fsr2h, status,2, status,0, prodl, prodh, cstack
 Tracked objects:
		On entry : 
		On exit  : 
		Unchanged: 
 Data sizes:     COMRAM   BANK0   BANK1   BANK2
      Params:         0       0       0       0
      Locals:         2       0       0       0
      Temps:          2       0       0       0
      Totals:         4       0       0       0
Total ram usage:        4 bytes
 Hardware stack levels used:    1
 Hardware stack levels required when called:    3
 This function calls:
		___wmul
 This function is called by:
		_main
 This function uses a non-reentrant model


 *************** function _InitServos *****************
 Defined at:
		line 261 in file "main.c"
 Parameters:    Size  Location     Type
		None
 Auto vars:     Size  Location     Type
  tmp             5   13[BANK0 ] unsigned char [5]
  i               2   18[BANK0 ] unsigned int 
 Return value:  Size  Location     Type
                  1    wreg      void 
 Registers used:
		wreg, fsr1l, fsr1h, fsr2l, fsr2h, status,2, status,0, tblptrl, tblptrh, tblptru, prodl, prodh, cstack
 Tracked objects:
		On entry : 
		On exit  : 
		Unchanged: 
 Data sizes:     COMRAM   BANK0   BANK1   BANK2
      Params:         0       0       0       0
      Locals:         0       7       0       0
      Temps:          0       0       0       0
      Totals:         0       7       0       0
Total ram usage:        7 bytes
 Hardware stack levels used:    1
 Hardware stack levels required when called:    4
 This function calls:
		_EmptyMovementString
		_UART_Write_String
		___wmul
		_sprintf
		_strcat
 This function is called by:
		_main
 This function uses a non-reentrant model


 *************** function _UART_Write_String *****************
 Defined at:
		line 209 in file "main.c"
 Parameters:    Size  Location     Type
  str             2   45[COMRAM] PTR const unsigned char 
		 -> movementString(256), 
 Auto vars:     Size  Location     Type
  a               1   52[COMRAM] unsigned char 
  i               2   50[COMRAM] int 
  arrayLength     2   48[COMRAM] int 
 Return value:  Size  Location     Type
                  1    wreg      void 
 Registers used:
		wreg, fsr2l, fsr2h, status,2, status,0, cstack
 Tracked objects:
		On entry : 
		On exit  : 
		Unchanged: 
 Data sizes:     COMRAM   BANK0   BANK1   BANK2
      Params:         2       0       0       0
      Locals:         5       0       0       0
      Temps:          1       0       0       0
      Totals:         8       0       0       0
Total ram usage:        8 bytes
 Hardware stack levels used:    1
 Hardware stack levels required when called:    3
 This function calls:
		_UART_Write
		_strlen
 This function is called by:
		_main
		_InitServos
 This function uses a non-reentrant model


 *************** function _strlen *****************
 Defined at:
		line 4 in file "C:\Program Files (x86)\Microchip\xc8\v1.44\sources\common\strlen.c"
 Parameters:    Size  Location     Type
  s               2   39[COMRAM] PTR const unsigned char 
		 -> movementString(256), 
 Auto vars:     Size  Location     Type
  cp              2   43[COMRAM] PTR const unsigned char 
		 -> movementString(256), 
 Return value:  Size  Location     Type
                  2   39[COMRAM] unsigned int 
 Registers used:
		wreg, fsr2l, fsr2h, status,2, status,0
 Tracked objects:
		On entry : 
		On exit  : 
		Unchanged: 
 Data sizes:     COMRAM   BANK0   BANK1   BANK2
      Params:         2       0       0       0
      Locals:         2       0       0       0
      Temps:          2       0       0       0
      Totals:         6       0       0       0
Total ram usage:        6 bytes
 Hardware stack levels used:    1
 Hardware stack levels required when called:    2
 This function calls:
		Nothing
 This function is called by:
		_UART_Write_String
 This function uses a non-reentrant model


 *************** function _UART_Write *****************
 Defined at:
		line 220 in file "main.c"
 Parameters:    Size  Location     Type
  data            1    wreg     unsigned char 
 Auto vars:     Size  Location     Type
  data            1   39[COMRAM] unsigned char 
 Return value:  Size  Location     Type
                  1    wreg      void 
 Registers used:
		wreg
 Tracked objects:
		On entry : 
		On exit  : 
		Unchanged: 
 Data sizes:     COMRAM   BANK0   BANK1   BANK2
      Params:         0       0       0       0
      Locals:         1       0       0       0
      Temps:          0       0       0       0
      Totals:         1       0       0       0
Total ram usage:        1 bytes
 Hardware stack levels used:    1
 Hardware stack levels required when called:    2
 This function calls:
		Nothing
 This function is called by:
		_UART_Write_String
 This function uses a non-reentrant model


 *************** function _FillServoPositionString *****************
 Defined at:
		line 228 in file "main.c"
 Parameters:    Size  Location     Type
  forward         3   42[BANK0 ] float 
  left            3   45[BANK0 ] float 
 Auto vars:     Size  Location     Type
  newVerticalP    2   65[BANK0 ] int 
  deltaVertica    2   63[BANK0 ] int 
  newHorizonta    2   61[BANK0 ] int 
  deltaHorizon    2   59[BANK0 ] int 
  tmp             5   71[BANK0 ] unsigned char [5]
  i               2   80[BANK0 ] unsigned int 
 Return value:  Size  Location     Type
                  1    wreg      void 
 Registers used:
		wreg, fsr1l, fsr1h, fsr2l, fsr2h, status,2, status,0, tblptrl, tblptrh, tblptru, prodl, prodh, cstack
 Tracked objects:
		On entry : 
		On exit  : 
		Unchanged: 
 Data sizes:     COMRAM   BANK0   BANK1   BANK2
      Params:         0       6       0       0
      Locals:         0      32       0       0
      Temps:          0       2       0       0
      Totals:         0      40       0       0
Total ram usage:       40 bytes
 Hardware stack levels used:    1
 Hardware stack levels required when called:    4
 This function calls:
		_EmptyMovementString
		___awtoft
		___ftadd
		___ftmul
		___fttol
		___wmul
		_sprintf
		_strcat
 This function is called by:
		_main
 This function uses a non-reentrant model


 *************** function _strcat *****************
 Defined at:
		line 8 in file "C:\Program Files (x86)\Microchip\xc8\v1.44\sources\common\strcat.c"
 Parameters:    Size  Location     Type
  to              2   45[COMRAM] PTR unsigned char 
		 -> movementString(256), 
  from            2   47[COMRAM] PTR const unsigned char 
		 -> STR_22(2), STR_20(2), STR_19(2), STR_18(2), 
		 -> STR_16(2), STR_15(2), STR_14(2), InitServos@tmp(5), 
		 -> STR_12(2), STR_11(2), STR_10(6), STR_8(2), 
		 -> STR_7(2), STR_5(2), STR_4(2), FillServoPositionString@tmp(5), 
		 -> STR_2(2), STR_1(2), servosets.lowerVerticalServo(3), servosets.upperVerticalServo(3), 
		 -> servosets.horizontalServo(3), servosets(126), 
 Auto vars:     Size  Location     Type
  cp              2   49[COMRAM] PTR unsigned char 
		 -> movementString(256), 
 Return value:  Size  Location     Type
                  2   45[COMRAM] PTR unsigned char 
 Registers used:
		wreg, fsr1l, fsr1h, fsr2l, fsr2h, status,2, status,0, tblptrl, tblptrh, tblptru
 Tracked objects:
		On entry : 
		On exit  : 
		Unchanged: 
 Data sizes:     COMRAM   BANK0   BANK1   BANK2
      Params:         4       0       0       0
      Locals:         2       0       0       0
      Temps:          0       0       0       0
      Totals:         6       0       0       0
Total ram usage:        6 bytes
 Hardware stack levels used:    1
 Hardware stack levels required when called:    2
 This function calls:
		Nothing
 This function is called by:
		_FillServoPositionString
		_InitServos
 This function uses a non-reentrant model


 *************** function _sprintf *****************
 Defined at:
		line 492 in file "C:\Program Files (x86)\Microchip\xc8\v1.44\sources\common\doprnt.c"
 Parameters:    Size  Location     Type
  sp              2    0[BANK0 ] PTR unsigned char 
		 -> InitServos@tmp(5), FillServoPositionString@tmp(5), 
  f               2    2[BANK0 ] PTR const unsigned char 
		 -> STR_21(3), STR_17(3), STR_13(3), STR_9(3), 
		 -> STR_6(3), STR_3(3), 
 Auto vars:     Size  Location     Type
  tmpval          4    0        struct .
  cp              3    0        PTR const unsigned char 
  val             2   10[BANK0 ] unsigned int 
  ap              2    6[BANK0 ] PTR void [1]
		 -> ?_sprintf(2), 
  len             2    0        unsigned int 
  c               1   12[BANK0 ] char 
  prec            1    9[BANK0 ] char 
  flag            1    8[BANK0 ] unsigned char 
 Return value:  Size  Location     Type
                  2    0[BANK0 ] int 
 Registers used:
		wreg, fsr2l, fsr2h, status,2, status,0, tblptrl, tblptrh, tblptru, prodl, prodh, cstack
 Tracked objects:
		On entry : 
		On exit  : 
		Unchanged: 
 Data sizes:     COMRAM   BANK0   BANK1   BANK2
      Params:         0       6       0       0
      Locals:         0       7       0       0
      Temps:          1       0       0       0
      Totals:         1      13       0       0
Total ram usage:       14 bytes
 Hardware stack levels used:    1
 Hardware stack levels required when called:    3
 This function calls:
		___lwdiv
		___lwmod
 This function is called by:
		_FillServoPositionString
		_InitServos
 This function uses a non-reentrant model


 *************** function ___lwmod *****************
 Defined at:
		line 8 in file "C:\Program Files (x86)\Microchip\xc8\v1.44\sources\common\lwmod.c"
 Parameters:    Size  Location     Type
  dividend        2   46[COMRAM] unsigned int 
  divisor         2   48[COMRAM] unsigned int 
 Auto vars:     Size  Location     Type
  counter         1   50[COMRAM] unsigned char 
 Return value:  Size  Location     Type
                  2   46[COMRAM] unsigned int 
 Registers used:
		wreg, status,2, status,0
 Tracked objects:
		On entry : 
		On exit  : 
		Unchanged: 
 Data sizes:     COMRAM   BANK0   BANK1   BANK2
      Params:         4       0       0       0
      Locals:         1       0       0       0
      Temps:          0       0       0       0
      Totals:         5       0       0       0
Total ram usage:        5 bytes
 Hardware stack levels used:    1
 Hardware stack levels required when called:    2
 This function calls:
		Nothing
 This function is called by:
		_sprintf
 This function uses a non-reentrant model


 *************** function ___lwdiv *****************
 Defined at:
		line 8 in file "C:\Program Files (x86)\Microchip\xc8\v1.44\sources\common\lwdiv.c"
 Parameters:    Size  Location     Type
  dividend        2   39[COMRAM] unsigned int 
  divisor         2   41[COMRAM] unsigned int 
 Auto vars:     Size  Location     Type
  quotient        2   43[COMRAM] unsigned int 
  counter         1   45[COMRAM] unsigned char 
 Return value:  Size  Location     Type
                  2   39[COMRAM] unsigned int 
 Registers used:
		wreg, status,2, status,0
 Tracked objects:
		On entry : 
		On exit  : 
		Unchanged: 
 Data sizes:     COMRAM   BANK0   BANK1   BANK2
      Params:         4       0       0       0
      Locals:         3       0       0       0
      Temps:          0       0       0       0
      Totals:         7       0       0       0
Total ram usage:        7 bytes
 Hardware stack levels used:    1
 Hardware stack levels required when called:    2
 This function calls:
		Nothing
 This function is called by:
		_sprintf
 This function uses a non-reentrant model


 *************** function ___wmul *****************
 Defined at:
		line 15 in file "C:\Program Files (x86)\Microchip\xc8\v1.44\sources\common\Umul16.c"
 Parameters:    Size  Location     Type
  multiplier      2   39[COMRAM] unsigned int 
  multiplicand    2   41[COMRAM] unsigned int 
 Auto vars:     Size  Location     Type
  product         2   43[COMRAM] unsigned int 
 Return value:  Size  Location     Type
                  2   39[COMRAM] unsigned int 
 Registers used:
		wreg, status,2, status,0, prodl, prodh
 Tracked objects:
		On entry : 
		On exit  : 
		Unchanged: 
 Data sizes:     COMRAM   BANK0   BANK1   BANK2
      Params:         4       0       0       0
      Locals:         2       0       0       0
      Temps:          0       0       0       0
      Totals:         6       0       0       0
Total ram usage:        6 bytes
 Hardware stack levels used:    1
 Hardware stack levels required when called:    2
 This function calls:
		Nothing
 This function is called by:
		_FillServoPositionString
		_InitServos
		_RotatePositions
		_eval_poly
 This function uses a non-reentrant model


 *************** function ___fttol *****************
 Defined at:
		line 44 in file "C:\Program Files (x86)\Microchip\xc8\v1.44\sources\common\fttol.c"
 Parameters:    Size  Location     Type
  f1              3   27[BANK0 ] float 
 Auto vars:     Size  Location     Type
  lval            4   37[BANK0 ] unsigned long 
  exp1            1   41[BANK0 ] unsigned char 
  sign1           1   36[BANK0 ] unsigned char 
 Return value:  Size  Location     Type
                  4   27[BANK0 ] long 
 Registers used:
		wreg, status,2, status,0
 Tracked objects:
		On entry : 
		On exit  : 
		Unchanged: 
 Data sizes:     COMRAM   BANK0   BANK1   BANK2
      Params:         0       4       0       0
      Locals:         0       6       0       0
      Temps:          0       5       0       0
      Totals:         0      15       0       0
Total ram usage:       15 bytes
 Hardware stack levels used:    1
 Hardware stack levels required when called:    2
 This function calls:
		Nothing
 This function is called by:
		_FillServoPositionString
		_floor
 This function uses a non-reentrant model


 *************** function ___ftmul *****************
 Defined at:
		line 62 in file "C:\Program Files (x86)\Microchip\xc8\v1.44\sources\common\ftmul.c"
 Parameters:    Size  Location     Type
  f1              3    0[BANK0 ] float 
  f2              3    3[BANK0 ] float 
 Auto vars:     Size  Location     Type
  f3_as_produc    3   10[BANK0 ] unsigned um
  sign            1   14[BANK0 ] unsigned char 
  cntr            1   13[BANK0 ] unsigned char 
  exp             1    9[BANK0 ] unsigned char 
 Return value:  Size  Location     Type
                  3    0[BANK0 ] float 
 Registers used:
		wreg, status,2, status,0, cstack
 Tracked objects:
		On entry : 
		On exit  : 
		Unchanged: 
 Data sizes:     COMRAM   BANK0   BANK1   BANK2
      Params:         0       6       0       0
      Locals:         0       6       0       0
      Temps:          0       3       0       0
      Totals:         0      15       0       0
Total ram usage:       15 bytes
 Hardware stack levels used:    1
 Hardware stack levels required when called:    3
 This function calls:
		___ftpack
 This function is called by:
		_main
		_FillServoPositionString
		_sin
		_eval_poly
 This function uses a non-reentrant model


 *************** function ___ftadd *****************
 Defined at:
		line 86 in file "C:\Program Files (x86)\Microchip\xc8\v1.44\sources\common\ftadd.c"
 Parameters:    Size  Location     Type
  f1              3   15[BANK0 ] float 
  f2              3   18[BANK0 ] float 
 Auto vars:     Size  Location     Type
  exp1            1   26[BANK0 ] unsigned char 
  exp2            1   25[BANK0 ] unsigned char 
  sign            1   24[BANK0 ] unsigned char 
 Return value:  Size  Location     Type
                  3   15[BANK0 ] float 
 Registers used:
		wreg, status,2, status,0, cstack
 Tracked objects:
		On entry : 
		On exit  : 
		Unchanged: 
 Data sizes:     COMRAM   BANK0   BANK1   BANK2
      Params:         0       6       0       0
      Locals:         0       3       0       0
      Temps:          0       3       0       0
      Totals:         0      12       0       0
Total ram usage:       12 bytes
 Hardware stack levels used:    1
 Hardware stack levels required when called:    3
 This function calls:
		___ftpack
 This function is called by:
		_FillServoPositionString
		_cos
		___ftsub
		_sin
		_eval_poly
		_floor
 This function uses a non-reentrant model


 *************** function ___awtoft *****************
 Defined at:
		line 32 in file "C:\Program Files (x86)\Microchip\xc8\v1.44\sources\common\awtoft.c"
 Parameters:    Size  Location     Type
  c               2   47[COMRAM] int 
 Auto vars:     Size  Location     Type
  sign            1   50[COMRAM] unsigned char 
 Return value:  Size  Location     Type
                  3   47[COMRAM] float 
 Registers used:
		wreg, status,2, status,0, cstack
 Tracked objects:
		On entry : 
		On exit  : 
		Unchanged: 
 Data sizes:     COMRAM   BANK0   BANK1   BANK2
      Params:         3       0       0       0
      Locals:         1       0       0       0
      Temps:          0       0       0       0
      Totals:         4       0       0       0
Total ram usage:        4 bytes
 Hardware stack levels used:    1
 Hardware stack levels required when called:    3
 This function calls:
		___ftpack
 This function is called by:
		_FillServoPositionString
 This function uses a non-reentrant model


 *************** function ___ftpack *****************
 Defined at:
		line 62 in file "C:\Program Files (x86)\Microchip\xc8\v1.44\sources\common\float.c"
 Parameters:    Size  Location     Type
  arg             3   39[COMRAM] unsigned um
  exp             1   42[COMRAM] unsigned char 
  sign            1   43[COMRAM] unsigned char 
 Auto vars:     Size  Location     Type
		None
 Return value:  Size  Location     Type
                  3   39[COMRAM] float 
 Registers used:
		wreg, status,2, status,0
 Tracked objects:
		On entry : 
		On exit  : 
		Unchanged: 
 Data sizes:     COMRAM   BANK0   BANK1   BANK2
      Params:         5       0       0       0
      Locals:         0       0       0       0
      Temps:          3       0       0       0
      Totals:         8       0       0       0
Total ram usage:        8 bytes
 Hardware stack levels used:    1
 Hardware stack levels required when called:    2
 This function calls:
		Nothing
 This function is called by:
		___altoft
		___awtoft
		___ftadd
		___ftdiv
		___ftmul
 This function uses a non-reentrant model


 *************** function _EmptyMovementString *****************
 Defined at:
		line 257 in file "main.c"
 Parameters:    Size  Location     Type
		None
 Auto vars:     Size  Location     Type
		None
 Return value:  Size  Location     Type
                  1    wreg      void 
 Registers used:
		wreg, fsr2l, fsr2h, status,2, status,0, cstack
 Tracked objects:
		On entry : 
		On exit  : 
		Unchanged: 
 Data sizes:     COMRAM   BANK0   BANK1   BANK2
      Params:         0       0       0       0
      Locals:         0       0       0       0
      Temps:          0       0       0       0
      Totals:         0       0       0       0
Total ram usage:        0 bytes
 Hardware stack levels used:    1
 Hardware stack levels required when called:    3
 This function calls:
		_memset
 This function is called by:
		_FillServoPositionString
		_InitServos
 This function uses a non-reentrant model


 *************** function _memset *****************
 Defined at:
		line 8 in file "C:\Program Files (x86)\Microchip\xc8\v1.44\sources\common\memset.c"
 Parameters:    Size  Location     Type
  p1              2   39[COMRAM] PTR void 
		 -> movementString(256), 
  c               2   41[COMRAM] int 
  n               2   43[COMRAM] unsigned int 
 Auto vars:     Size  Location     Type
  p               2   45[COMRAM] PTR unsigned char 
		 -> movementString(256), 
 Return value:  Size  Location     Type
                  2   39[COMRAM] PTR void 
 Registers used:
		wreg, fsr2l, fsr2h, status,2, status,0
 Tracked objects:
		On entry : 
		On exit  : 
		Unchanged: 
 Data sizes:     COMRAM   BANK0   BANK1   BANK2
      Params:         6       0       0       0
      Locals:         2       0       0       0
      Temps:          0       0       0       0
      Totals:         8       0       0       0
Total ram usage:        8 bytes
 Hardware stack levels used:    1
 Hardware stack levels required when called:    2
 This function calls:
		Nothing
 This function is called by:
		_EmptyMovementString
 This function uses a non-reentrant model


 *************** function _ConfigureOscillator *****************
 Defined at:
		line 23 in file "system.c"
 Parameters:    Size  Location     Type
		None
 Auto vars:     Size  Location     Type
		None
 Return value:  Size  Location     Type
                  1    wreg      void 
 Registers used:
		wreg, status,2
 Tracked objects:
		On entry : 
		On exit  : 
		Unchanged: 
 Data sizes:     COMRAM   BANK0   BANK1   BANK2
      Params:         0       0       0       0
      Locals:         0       0       0       0
      Temps:          0       0       0       0
      Totals:         0       0       0       0
Total ram usage:        0 bytes
 Hardware stack levels used:    1
 Hardware stack levels required when called:    2
 This function calls:
		Nothing
 This function is called by:
		_main
 This function uses a non-reentrant model


 *************** function _low_isr *****************
 Defined at:
		line 67 in file "interrupts.c"
 Parameters:    Size  Location     Type
		None
 Auto vars:     Size  Location     Type
		None
 Return value:  Size  Location     Type
                  1    wreg      void 
 Registers used:
		None
 Tracked objects:
		On entry : 
		On exit  : 
		Unchanged: 
 Data sizes:     COMRAM   BANK0   BANK1   BANK2
      Params:         0       0       0       0
      Locals:         0       0       0       0
      Temps:         21       0       0       0
      Totals:        21       0       0       0
Total ram usage:       21 bytes
 Hardware stack levels used:    1
 Hardware stack levels required when called:    1
 This function calls:
		Nothing
 This function is called by:
		Interrupt level 1
 This function uses a non-reentrant model


 *************** function _high_isr *****************
 Defined at:
		line 27 in file "interrupts.c"
 Parameters:    Size  Location     Type
		None
 Auto vars:     Size  Location     Type
		None
 Return value:  Size  Location     Type
                  1    wreg      void 
 Registers used:
		None
 Tracked objects:
		On entry : 
		On exit  : 
		Unchanged: 
 Data sizes:     COMRAM   BANK0   BANK1   BANK2
      Params:         0       0       0       0
      Locals:         0       0       0       0
      Temps:         18       0       0       0
      Totals:        18       0       0       0
Total ram usage:       18 bytes
 Hardware stack levels used:    1
 This function calls:
		Nothing
 This function is called by:
		Interrupt level 2
 This function uses a non-reentrant model



MODULE INFORMATION

Module		Function		Class		Link	Load	Size
C:\Program Files (x86)\Microchip\xc8\v1.44\sources\common\awtoft.c
		___awtoft      		CODE           	1CFC	0000	57

C:\Program Files (x86)\Microchip\xc8\v1.44\sources\common\awtoft.c estimated size: 57

C:\Program Files (x86)\Microchip\xc8\v1.44\sources\common\altoft.c
		___altoft      		CODE           	19E6	0000	123

C:\Program Files (x86)\Microchip\xc8\v1.44\sources\common\altoft.c estimated size: 123

C:\Program Files (x86)\Microchip\xc8\v1.44\sources\common\lwmod.c
		___lwmod       		CODE           	1C80	0000	67

C:\Program Files (x86)\Microchip\xc8\v1.44\sources\common\lwmod.c estimated size: 67

C:\Program Files (x86)\Microchip\xc8\v1.44\sources\common\memset.c
		_memset        		CODE           	1D62	0000	45

C:\Program Files (x86)\Microchip\xc8\v1.44\sources\common\memset.c estimated size: 45

C:\Program Files (x86)\Microchip\xc8\v1.44\sources\common\frexp.c
		_frexp         		CODE           	1A60	0000	121

C:\Program Files (x86)\Microchip\xc8\v1.44\sources\common\frexp.c estimated size: 121

interrupts.c
		_high_isr      		CODE           	0008	0000	157
		_low_isr       		CODE           	0018	0000	175

interrupts.c estimated size: 332

C:\Program Files (x86)\Microchip\xc8\v1.44\sources\common\floor.c
		_floor         		CODE           	13D0	0000	227

C:\Program Files (x86)\Microchip\xc8\v1.44\sources\common\floor.c estimated size: 227

C:\Program Files (x86)\Microchip\xc8\v1.44\sources\common\ftmul.c
		___ftmul       		CODE           	11F2	0000	247

C:\Program Files (x86)\Microchip\xc8\v1.44\sources\common\ftmul.c estimated size: 247

C:\Program Files (x86)\Microchip\xc8\v1.44\sources\common\ftdiv.c
		___ftdiv       		CODE           	12E8	0000	233

C:\Program Files (x86)\Microchip\xc8\v1.44\sources\common\ftdiv.c estimated size: 233

C:\Program Files (x86)\Microchip\xc8\v1.44\sources\common\ftge.c
		___ftge        		CODE           	18D8	0000	145

C:\Program Files (x86)\Microchip\xc8\v1.44\sources\common\ftge.c estimated size: 145

C:\Program Files (x86)\Microchip\xc8\v1.44\sources\common\sin.c
		_sin           		CODE           	0B9A	0000	615

C:\Program Files (x86)\Microchip\xc8\v1.44\sources\common\sin.c estimated size: 615

C:\Program Files (x86)\Microchip\xc8\v1.44\sources\common\lwdiv.c
		___lwdiv       		CODE           	1BEC	0000	83

C:\Program Files (x86)\Microchip\xc8\v1.44\sources\common\lwdiv.c estimated size: 83

C:\Program Files (x86)\Microchip\xc8\v1.44\sources\common\doprnt.c
		_sprintf       		CODE           	0FAE	0000	333

C:\Program Files (x86)\Microchip\xc8\v1.44\sources\common\doprnt.c estimated size: 333

C:\Program Files (x86)\Microchip\xc8\v1.44\sources\common\Umul16.c
		___wmul        		CODE           	1D8E	0000	39

C:\Program Files (x86)\Microchip\xc8\v1.44\sources\common\Umul16.c estimated size: 39

C:\Program Files (x86)\Microchip\xc8\v1.44\sources\common\fttol.c
		___fttol       		CODE           	10FA	0000	249

C:\Program Files (x86)\Microchip\xc8\v1.44\sources\common\fttol.c estimated size: 249

C:\Program Files (x86)\Microchip\xc8\v1.44\sources\common\evalpoly.c
		_eval_poly     		CODE           	14B2	0000	215

C:\Program Files (x86)\Microchip\xc8\v1.44\sources\common\evalpoly.c estimated size: 215

shared
		_positions     		SMALLCONST     	0325	0000	17
		_dpowers       		SMALLCONST     	0335	0000	11
		__initialization		CODE           	1AD8	0000	89
		sin@coeff_a    		SMALLCONST     	033F	0000	16
		sin@coeff_b    		SMALLCONST     	034E	0000	13
		_turns         		SMALLCONST     	0301	0000	37

shared estimated size: 183

C:\Program Files (x86)\Microchip\xc8\v1.44\sources\common\ftadd.c
		___ftadd       		CODE           	0E00	0000	431

C:\Program Files (x86)\Microchip\xc8\v1.44\sources\common\ftadd.c estimated size: 431

C:\Program Files (x86)\Microchip\xc8\v1.44\sources\common\strcat.c
		_strcat        		CODE           	1B3E	0000	89

C:\Program Files (x86)\Microchip\xc8\v1.44\sources\common\strcat.c estimated size: 89

C:\Program Files (x86)\Microchip\xc8\v1.44\sources\common\cos.c
		_cos           		CODE           	164A	0000	177

C:\Program Files (x86)\Microchip\xc8\v1.44\sources\common\cos.c estimated size: 177

C:\Program Files (x86)\Microchip\xc8\v1.44\sources\common\ftneg.c
		___ftneg       		CODE           	1DB4	0000	37

C:\Program Files (x86)\Microchip\xc8\v1.44\sources\common\ftneg.c estimated size: 37

main.c
		_UART_Write_String		CODE           	1B96	0000	87
		_FillServoPositionString		CODE           	0368	0000	1397
		_InitServos    		CODE           	08DC	0000	703
		_UART_Init     		CODE           	1D34	0000	47
		_main          		CODE           	1588	0000	195
		_EmptyMovementString		CODE           	1DD8	0000	31
		_UART_Write    		CODE           	1E10	0000	13
		_RotatePositions		CODE           	17A8	0000	155

main.c estimated size: 2628

system.c
		_ConfigureOscillator		CODE           	1DF6	0000	27

system.c estimated size: 27

C:\Program Files (x86)\Microchip\xc8\v1.44\sources\common\ftsub.c
		___ftsub       		CODE           	1C3E	0000	67

C:\Program Files (x86)\Microchip\xc8\v1.44\sources\common\ftsub.c estimated size: 67

C:\Program Files (x86)\Microchip\xc8\v1.44\sources\common\float.c
		___ftpack      		CODE           	16FA	0000	175

C:\Program Files (x86)\Microchip\xc8\v1.44\sources\common\float.c estimated size: 175

C:\Program Files (x86)\Microchip\xc8\v1.44\sources\common\strlen.c
		_strlen        		CODE           	1CC2	0000	59

C:\Program Files (x86)\Microchip\xc8\v1.44\sources\common\strlen.c estimated size: 59

